<html>
<body>
<pre>
<h1>µVision Build Log</h1>
<h2>Tool Versions:</h2>
IDE-Version: µVision V5.25.2.0
Copyright (C) 2018 ARM Ltd and ARM Germany GmbH. All rights reserved.
License Information: Dai VietDai, vuvietdai, LIC=----
 
Tool Versions:
Toolchain:       MDK-Lite  Version: 5.25.2.0
Toolchain Path:  C:\Keil_v5\ARM\ARMCC\Bin
C Compiler:      Armcc.exe V5.06 update 6 (build 750)
Assembler:       Armasm.exe V5.06 update 6 (build 750)
Linker/Locator:  ArmLink.exe V5.06 update 6 (build 750)
Library Manager: ArmAr.exe V5.06 update 6 (build 750)
Hex Converter:   FromElf.exe V5.06 update 6 (build 750)
CPU DLL:         SARMCM3.DLL V5.25.2.0
Dialog DLL:      DCM.DLL V1.17.1.0
Target DLL:      STLink\ST-LINKIII-KEIL_SWO.dll V3.0.1.0
Dialog DLL:      TCM.DLL V1.35.1.0
 
<h2>Project:</h2>
C:\Users\VietDai\Desktop\Cube MX_RTC\Cube MX_RTC\MDK-ARM\Cube MX_RTC.uvprojx
Project File Date:  09/18/2018

<h2>Output:</h2>
*** Using Compiler 'V5.06 update 6 (build 750)', folder: 'C:\Keil_v5\ARM\ARMCC\Bin'
Build target 'Cube MX_RTC'
compiling main.c...
../Inc/lcd1602.h(16): warning:  #188-D: enumerated type mixed with another type
  HAL_GPIO_WritePin(GPIOC,EN_Pin,1);
../Inc/lcd1602.h(18): warning:  #188-D: enumerated type mixed with another type
  HAL_GPIO_WritePin(GPIOC,EN_Pin,0);  
../Inc/lcd1602.h(24): warning:  #188-D: enumerated type mixed with another type
  HAL_GPIO_WritePin(GPIOC,D4_Pin,Data&0x01);
../Inc/lcd1602.h(25): warning:  #188-D: enumerated type mixed with another type
  HAL_GPIO_WritePin(GPIOC,D5_Pin,(Data>>1)&0x01);
../Inc/lcd1602.h(26): warning:  #188-D: enumerated type mixed with another type
  HAL_GPIO_WritePin(GPIOC,D6_Pin,(Data>>2)&0x01);
../Inc/lcd1602.h(27): warning:  #188-D: enumerated type mixed with another type
  HAL_GPIO_WritePin(GPIOC,D7_Pin,(Data>>3)&0x01); 
../Inc/lcd1602.h(47): warning:  #188-D: enumerated type mixed with another type
    HAL_GPIO_WritePin(GPIOC,RS_Pin,0);
../Inc/lcd1602.h(71): warning:  #188-D: enumerated type mixed with another type
    HAL_GPIO_WritePin(GPIOC,RS_Pin,1);
../Inc/lcd1602.h(73): warning:  #188-D: enumerated type mixed with another type
    HAL_GPIO_WritePin(GPIOC,RS_Pin,0);
../Inc/lcd1602.h(82): warning:  #1-D: last line of file ends without a newline
  }
../Src/main.c(41): warning:  #1295-D: Deprecated declaration RTC_CalendarShow - give arg types
  static void RTC_CalendarShow();
../Src/main.c(177): warning:  #177-D: variable "sdatestructureget"  was declared but never referenced
    RTC_DateTypeDef sdatestructureget;
../Src/main.c(178): warning:  #177-D: variable "stimestructureget"  was declared but never referenced
    RTC_TimeTypeDef stimestructureget;
../Src/main.c(271): warning:  #188-D: enumerated type mixed with another type
                            |GPIO_PIN_8|GPIO_PIN_9|GPIO_PIN_10|GPIO_PIN_11, GPIO_PIN_RESET);
../Src/main.c(17): warning:  #177-D: variable "temp"  was declared but never referenced
  static uint32_t temp=0;
../Src/main.c(152): warning:  #177-D: function "MX_RTC_Init"  was declared but never referenced
  static void MX_RTC_Init(void)
../Src/main.c: 16 warnings, 0 errors
linking...
Program Size: Code=13846 RO-data=650 RW-data=28 ZI-data=1276  
FromELF: creating hex file...
"Cube MX_RTC\Cube MX_RTC.axf" - 0 Error(s), 16 Warning(s).

<h2>Software Packages used:</h2>

Package Vendor: ARM
                http://www.keil.com/pack/ARM.CMSIS.5.4.0.pack
                ARM.CMSIS.5.4.0
                CMSIS (Cortex Microcontroller Software Interface Standard)
   * Component: CORE Version: 5.1.2

Package Vendor: Keil
                http://www.keil.com/pack/Keil.STM32F1xx_DFP.2.2.0.pack
                Keil.STM32F1xx_DFP.2.2.0
                STMicroelectronics STM32F1 Series Device Support, Drivers and Examples

<h2>Collection of Component include folders:</h2>
  .\RTE\_Cube_MX_RTC
  C:\Keil_v5\ARM\PACK\ARM\CMSIS\5.4.0\CMSIS\Core\Include
  C:\Keil_v5\ARM\PACK\Keil\STM32F1xx_DFP\2.2.0\Device\Include

<h2>Collection of Component Files used:</h2>

   * Component: ARM::CMSIS:CORE:5.1.2
Build Time Elapsed:  00:00:03
</pre>
</body>
</html>
