Component: ARM Compiler 5.06 update 6 (build 750) Tool: armlink [4d35ed]

==============================================================================

Section Cross References

    startup_stm32f103xb.o(RESET) refers to startup_stm32f103xb.o(STACK) for __initial_sp
    startup_stm32f103xb.o(RESET) refers to startup_stm32f103xb.o(.text) for Reset_Handler
    startup_stm32f103xb.o(RESET) refers to stm32f1xx_it.o(i.NMI_Handler) for NMI_Handler
    startup_stm32f103xb.o(RESET) refers to stm32f1xx_it.o(i.HardFault_Handler) for HardFault_Handler
    startup_stm32f103xb.o(RESET) refers to stm32f1xx_it.o(i.MemManage_Handler) for MemManage_Handler
    startup_stm32f103xb.o(RESET) refers to stm32f1xx_it.o(i.BusFault_Handler) for BusFault_Handler
    startup_stm32f103xb.o(RESET) refers to stm32f1xx_it.o(i.UsageFault_Handler) for UsageFault_Handler
    startup_stm32f103xb.o(RESET) refers to stm32f1xx_it.o(i.SVC_Handler) for SVC_Handler
    startup_stm32f103xb.o(RESET) refers to stm32f1xx_it.o(i.DebugMon_Handler) for DebugMon_Handler
    startup_stm32f103xb.o(RESET) refers to stm32f1xx_it.o(i.PendSV_Handler) for PendSV_Handler
    startup_stm32f103xb.o(RESET) refers to stm32f1xx_it.o(i.SysTick_Handler) for SysTick_Handler
    startup_stm32f103xb.o(RESET) refers to main.o(i.TIM1_UP_IRQHandler) for TIM1_UP_IRQHandler
    startup_stm32f103xb.o(.text) refers to system_stm32f1xx.o(i.SystemInit) for SystemInit
    startup_stm32f103xb.o(.text) refers to entry.o(.ARM.Collect$$$$00000000) for __main
    main.o(i.LCD_Clear) refers to main.o(i.LCD_SendCommand) for LCD_SendCommand
    main.o(i.LCD_Clear) refers to stm32f1xx_hal.o(i.HAL_Delay) for HAL_Delay
    main.o(i.LCD_Enable) refers to stm32f1xx_hal_gpio.o(i.HAL_GPIO_WritePin) for HAL_GPIO_WritePin
    main.o(i.LCD_Enable) refers to stm32f1xx_hal.o(i.HAL_Delay) for HAL_Delay
    main.o(i.LCD_Gotoxy) refers to main.o(i.LCD_SendCommand) for LCD_SendCommand
    main.o(i.LCD_Init) refers to main.o(i.LCD_Send4Bit) for LCD_Send4Bit
    main.o(i.LCD_Init) refers to stm32f1xx_hal_gpio.o(i.HAL_GPIO_WritePin) for HAL_GPIO_WritePin
    main.o(i.LCD_Init) refers to main.o(i.LCD_Enable) for LCD_Enable
    main.o(i.LCD_Init) refers to main.o(i.LCD_SendCommand) for LCD_SendCommand
    main.o(i.LCD_PutChar) refers to stm32f1xx_hal_gpio.o(i.HAL_GPIO_WritePin) for HAL_GPIO_WritePin
    main.o(i.LCD_PutChar) refers to main.o(i.LCD_SendCommand) for LCD_SendCommand
    main.o(i.LCD_Puts) refers to main.o(i.LCD_PutChar) for LCD_PutChar
    main.o(i.LCD_Send4Bit) refers to stm32f1xx_hal_gpio.o(i.HAL_GPIO_WritePin) for HAL_GPIO_WritePin
    main.o(i.LCD_SendCommand) refers to main.o(i.LCD_Send4Bit) for LCD_Send4Bit
    main.o(i.LCD_SendCommand) refers to main.o(i.LCD_Enable) for LCD_Enable
    main.o(i.MX_GPIO_Init) refers to stm32f1xx_hal_gpio.o(i.HAL_GPIO_WritePin) for HAL_GPIO_WritePin
    main.o(i.MX_GPIO_Init) refers to stm32f1xx_hal_gpio.o(i.HAL_GPIO_Init) for HAL_GPIO_Init
    main.o(i.MX_TIM1_Init) refers to stm32f1xx_hal_tim.o(i.HAL_TIM_Base_Init) for HAL_TIM_Base_Init
    main.o(i.MX_TIM1_Init) refers to stm32f1xx_hal_tim.o(i.HAL_TIM_ConfigClockSource) for HAL_TIM_ConfigClockSource
    main.o(i.MX_TIM1_Init) refers to stm32f1xx_hal_tim_ex.o(i.HAL_TIMEx_MasterConfigSynchronization) for HAL_TIMEx_MasterConfigSynchronization
    main.o(i.MX_TIM1_Init) refers to main.o(.bss) for .bss
    main.o(i.RTC_CalendarShow) refers to stm32f1xx_hal_rtc.o(i.RTC_ReadTimeCounter) for RTC_ReadTimeCounter
    main.o(i.RTC_CalendarShow) refers to main.o(i.convert_time_stamp) for convert_time_stamp
    main.o(i.RTC_CalendarShow) refers to printfa.o(i.__0sprintf) for __2sprintf
    main.o(i.RTC_CalendarShow) refers to printfa.o(i.__0printf) for __2printf
    main.o(i.RTC_CalendarShow) refers to main.o(i.LCD_Gotoxy) for LCD_Gotoxy
    main.o(i.RTC_CalendarShow) refers to main.o(i.LCD_Puts) for LCD_Puts
    main.o(i.RTC_CalendarShow) refers to main.o(i.LCD_PutChar) for LCD_PutChar
    main.o(i.RTC_CalendarShow) refers to main.o(.bss) for .bss
    main.o(i.SystemClock_Config) refers to stm32f1xx_hal_rcc.o(i.HAL_RCC_OscConfig) for HAL_RCC_OscConfig
    main.o(i.SystemClock_Config) refers to stm32f1xx_hal_rcc.o(i.HAL_RCC_ClockConfig) for HAL_RCC_ClockConfig
    main.o(i.SystemClock_Config) refers to stm32f1xx_hal_rcc_ex.o(i.HAL_RCCEx_PeriphCLKConfig) for HAL_RCCEx_PeriphCLKConfig
    main.o(i.SystemClock_Config) refers to stm32f1xx_hal_rcc.o(i.HAL_RCC_GetHCLKFreq) for HAL_RCC_GetHCLKFreq
    main.o(i.SystemClock_Config) refers to stm32f1xx_hal_cortex.o(i.HAL_SYSTICK_Config) for HAL_SYSTICK_Config
    main.o(i.SystemClock_Config) refers to stm32f1xx_hal_cortex.o(i.HAL_SYSTICK_CLKSourceConfig) for HAL_SYSTICK_CLKSourceConfig
    main.o(i.SystemClock_Config) refers to stm32f1xx_hal_cortex.o(i.HAL_NVIC_SetPriority) for HAL_NVIC_SetPriority
    main.o(i.TIM1_UP_IRQHandler) refers to stm32f1xx_hal_tim.o(i.HAL_TIM_IRQHandler) for HAL_TIM_IRQHandler
[...]
    Removing stm32f1xx_hal_uart.o(i.HAL_UART_GetError), (4 bytes).
    Removing stm32f1xx_hal_uart.o(i.HAL_UART_GetState), (10 bytes).
    Removing stm32f1xx_hal_uart.o(i.HAL_UART_IRQHandler), (272 bytes).
    Removing stm32f1xx_hal_uart.o(i.HAL_UART_MspDeInit), (2 bytes).
    Removing stm32f1xx_hal_uart.o(i.HAL_UART_MspInit), (2 bytes).
    Removing stm32f1xx_hal_uart.o(i.HAL_UART_Receive), (184 bytes).
    Removing stm32f1xx_hal_uart.o(i.HAL_UART_Receive_DMA), (152 bytes).
    Removing stm32f1xx_hal_uart.o(i.HAL_UART_Receive_IT), (82 bytes).
    Removing stm32f1xx_hal_uart.o(i.HAL_UART_RxCpltCallback), (2 bytes).
    Removing stm32f1xx_hal_uart.o(i.HAL_UART_RxHalfCpltCallback), (2 bytes).
    Removing stm32f1xx_hal_uart.o(i.HAL_UART_Transmit_DMA), (128 bytes).
    Removing stm32f1xx_hal_uart.o(i.HAL_UART_Transmit_IT), (62 bytes).
    Removing stm32f1xx_hal_uart.o(i.HAL_UART_TxCpltCallback), (2 bytes).
    Removing stm32f1xx_hal_uart.o(i.HAL_UART_TxHalfCpltCallback), (2 bytes).
    Removing stm32f1xx_hal_uart.o(i.UART_DMAAbortOnError), (16 bytes).
    Removing stm32f1xx_hal_uart.o(i.UART_DMAError), (74 bytes).
    Removing stm32f1xx_hal_uart.o(i.UART_DMAReceiveCplt), (60 bytes).
    Removing stm32f1xx_hal_uart.o(i.UART_DMARxAbortCallback), (42 bytes).
    Removing stm32f1xx_hal_uart.o(i.UART_DMARxHalfCplt), (10 bytes).
    Removing stm32f1xx_hal_uart.o(i.UART_DMARxOnlyAbortCallback), (20 bytes).
    Removing stm32f1xx_hal_uart.o(i.UART_DMATransmitCplt), (46 bytes).
    Removing stm32f1xx_hal_uart.o(i.UART_DMATxAbortCallback), (42 bytes).
    Removing stm32f1xx_hal_uart.o(i.UART_DMATxHalfCplt), (10 bytes).
    Removing stm32f1xx_hal_uart.o(i.UART_DMATxOnlyAbortCallback), (20 bytes).
    Removing stm32f1xx_hal_uart.o(i.UART_EndRxTransfer), (28 bytes).
    Removing stm32f1xx_hal_uart.o(i.UART_EndTxTransfer), (18 bytes).
    Removing stm32f1xx_hal_uart.o(i.UART_Receive_IT), (150 bytes).
    Removing stm32f1xx_hal_uart.o(i.UART_Transmit_IT), (98 bytes).
    Removing stm32f1xx_hal.o(.rev16_text), (4 bytes).
    Removing stm32f1xx_hal.o(.revsh_text), (4 bytes).
    Removing stm32f1xx_hal.o(.rrx_text), (6 bytes).
    Removing stm32f1xx_hal.o(i.HAL_DBGMCU_DisableDBGSleepMode), (16 bytes).
    Removing stm32f1xx_hal.o(i.HAL_DBGMCU_DisableDBGStandbyMode), (16 bytes).
    Removing stm32f1xx_hal.o(i.HAL_DBGMCU_DisableDBGStopMode), (16 bytes).
    Removing stm32f1xx_hal.o(i.HAL_DBGMCU_EnableDBGSleepMode), (16 bytes).
    Removing stm32f1xx_hal.o(i.HAL_DBGMCU_EnableDBGStandbyMode), (16 bytes).
    Removing stm32f1xx_hal.o(i.HAL_DBGMCU_EnableDBGStopMode), (16 bytes).
    Removing stm32f1xx_hal.o(i.HAL_DeInit), (32 bytes).
    Removing stm32f1xx_hal.o(i.HAL_GetDEVID), (16 bytes).
    Removing stm32f1xx_hal.o(i.HAL_GetHalVersion), (8 bytes).
    Removing stm32f1xx_hal.o(i.HAL_GetREVID), (12 bytes).
    Removing stm32f1xx_hal.o(i.HAL_GetTickFreq), (12 bytes).
    Removing stm32f1xx_hal.o(i.HAL_GetTickPrio), (12 bytes).
    Removing stm32f1xx_hal.o(i.HAL_GetUID), (28 bytes).
    Removing stm32f1xx_hal.o(i.HAL_MspDeInit), (2 bytes).
    Removing stm32f1xx_hal.o(i.HAL_MspInit), (2 bytes).
    Removing stm32f1xx_hal.o(i.HAL_ResumeTick), (14 bytes).
    Removing stm32f1xx_hal.o(i.HAL_SetTickFreq), (28 bytes).
    Removing stm32f1xx_hal.o(i.HAL_SuspendTick), (14 bytes).
    Removing stm32f1xx_hal_rcc.o(.rev16_text), (4 bytes).
    Removing stm32f1xx_hal_rcc.o(.revsh_text), (4 bytes).
    Removing stm32f1xx_hal_rcc.o(.rrx_text), (6 bytes).
    Removing stm32f1xx_hal_rcc.o(i.HAL_RCC_CSSCallback), (2 bytes).
    Removing stm32f1xx_hal_rcc.o(i.HAL_RCC_DeInit), (216 bytes).
    Removing stm32f1xx_hal_rcc.o(i.HAL_RCC_DisableCSS), (12 bytes).
    Removing stm32f1xx_hal_rcc.o(i.HAL_RCC_EnableCSS), (12 bytes).
    Removing stm32f1xx_hal_rcc.o(i.HAL_RCC_GetClockConfig), (64 bytes).
    Removing stm32f1xx_hal_rcc.o(i.HAL_RCC_GetOscConfig), (144 bytes).
    Removing stm32f1xx_hal_rcc.o(i.HAL_RCC_MCOConfig), (72 bytes).
    Removing stm32f1xx_hal_rcc.o(i.HAL_RCC_NMI_IRQHandler), (24 bytes).
    Removing stm32f1xx_hal_rcc_ex.o(.rev16_text), (4 bytes).
    Removing stm32f1xx_hal_rcc_ex.o(.revsh_text), (4 bytes).
    Removing stm32f1xx_hal_rcc_ex.o(.rrx_text), (6 bytes).
    Removing stm32f1xx_hal_rcc_ex.o(i.HAL_RCCEx_GetPeriphCLKConfig), (44 bytes).
    Removing stm32f1xx_hal_gpio.o(.rev16_text), (4 bytes).
    Removing stm32f1xx_hal_gpio.o(.revsh_text), (4 bytes).
    Removing stm32f1xx_hal_gpio.o(.rrx_text), (6 bytes).
    Removing stm32f1xx_hal_gpio.o(i.HAL_GPIO_DeInit), (228 bytes).
    Removing stm32f1xx_hal_gpio.o(i.HAL_GPIO_EXTI_Callback), (2 bytes).
    Removing stm32f1xx_hal_gpio.o(i.HAL_GPIO_EXTI_IRQHandler), (24 bytes).
    Removing stm32f1xx_hal_gpio.o(i.HAL_GPIO_LockPin), (34 bytes).
    Removing stm32f1xx_hal_dma.o(.rev16_text), (4 bytes).
    Removing stm32f1xx_hal_dma.o(.revsh_text), (4 bytes).
    Removing stm32f1xx_hal_dma.o(.rrx_text), (6 bytes).
    Removing stm32f1xx_hal_dma.o(i.DMA_SetConfig), (42 bytes).
    Removing stm32f1xx_hal_dma.o(i.HAL_DMA_Abort), (48 bytes).
    Removing stm32f1xx_hal_dma.o(i.HAL_DMA_Abort_IT), (152 bytes).
    Removing stm32f1xx_hal_dma.o(i.HAL_DMA_DeInit), (84 bytes).
    Removing stm32f1xx_hal_dma.o(i.HAL_DMA_GetError), (4 bytes).
    Removing stm32f1xx_hal_dma.o(i.HAL_DMA_GetState), (6 bytes).
    Removing stm32f1xx_hal_dma.o(i.HAL_DMA_IRQHandler), (340 bytes).
    Removing stm32f1xx_hal_dma.o(i.HAL_DMA_Init), (100 bytes).
    Removing stm32f1xx_hal_dma.o(i.HAL_DMA_PollForTransfer), (532 bytes).
    Removing stm32f1xx_hal_dma.o(i.HAL_DMA_RegisterCallback), (74 bytes).
    Removing stm32f1xx_hal_dma.o(i.HAL_DMA_Start), (80 bytes).
    Removing stm32f1xx_hal_dma.o(i.HAL_DMA_Start_IT), (112 bytes).
    Removing stm32f1xx_hal_dma.o(i.HAL_DMA_UnRegisterCallback), (82 bytes).
    Removing stm32f1xx_hal_cortex.o(.rev16_text), (4 bytes).
    Removing stm32f1xx_hal_cortex.o(.revsh_text), (4 bytes).
    Removing stm32f1xx_hal_cortex.o(.rrx_text), (6 bytes).
    Removing stm32f1xx_hal_cortex.o(i.HAL_NVIC_ClearPendingIRQ), (22 bytes).
    Removing stm32f1xx_hal_cortex.o(i.HAL_NVIC_DisableIRQ), (22 bytes).
    Removing stm32f1xx_hal_cortex.o(i.HAL_NVIC_GetActive), (32 bytes).
    Removing stm32f1xx_hal_cortex.o(i.HAL_NVIC_GetPendingIRQ), (32 bytes).
    Removing stm32f1xx_hal_cortex.o(i.HAL_NVIC_GetPriority), (82 bytes).
    Removing stm32f1xx_hal_cortex.o(i.HAL_NVIC_GetPriorityGrouping), (16 bytes).
    Removing stm32f1xx_hal_cortex.o(i.HAL_NVIC_SetPendingIRQ), (22 bytes).
    Removing stm32f1xx_hal_cortex.o(i.HAL_NVIC_SystemReset), (36 bytes).
    Removing stm32f1xx_hal_pwr.o(.rev16_text), (4 bytes).
    Removing stm32f1xx_hal_pwr.o(.revsh_text), (4 bytes).
    Removing stm32f1xx_hal_pwr.o(.rrx_text), (6 bytes).
    Removing stm32f1xx_hal_pwr.o(i.HAL_PWR_ConfigPVD), (124 bytes).
    Removing stm32f1xx_hal_pwr.o(i.HAL_PWR_DeInit), (24 bytes).
    Removing stm32f1xx_hal_pwr.o(i.HAL_PWR_DisableBkUpAccess), (12 bytes).
    Removing stm32f1xx_hal_pwr.o(i.HAL_PWR_DisablePVD), (12 bytes).
    Removing stm32f1xx_hal_pwr.o(i.HAL_PWR_DisableSEVOnPend), (16 bytes).
    Removing stm32f1xx_hal_pwr.o(i.HAL_PWR_DisableSleepOnExit), (16 bytes).
    Removing stm32f1xx_hal_pwr.o(i.HAL_PWR_DisableWakeUpPin), (28 bytes).
    Removing stm32f1xx_hal_pwr.o(i.HAL_PWR_EnablePVD), (12 bytes).
    Removing stm32f1xx_hal_pwr.o(i.HAL_PWR_EnableSEVOnPend), (16 bytes).
    Removing stm32f1xx_hal_pwr.o(i.HAL_PWR_EnableSleepOnExit), (16 bytes).
    Removing stm32f1xx_hal_pwr.o(i.HAL_PWR_EnableWakeUpPin), (28 bytes).
    Removing stm32f1xx_hal_pwr.o(i.HAL_PWR_EnterSLEEPMode), (32 bytes).
    Removing stm32f1xx_hal_pwr.o(i.HAL_PWR_EnterSTANDBYMode), (32 bytes).
    Removing stm32f1xx_hal_pwr.o(i.HAL_PWR_EnterSTOPMode), (68 bytes).
    Removing stm32f1xx_hal_pwr.o(i.HAL_PWR_PVDCallback), (2 bytes).
    Removing stm32f1xx_hal_pwr.o(i.HAL_PWR_PVD_IRQHandler), (28 bytes).
    Removing stm32f1xx_hal_pwr.o(i.PWR_OverloadWfe), (6 bytes).
    Removing stm32f1xx_hal_flash.o(.rev16_text), (4 bytes).
    Removing stm32f1xx_hal_flash.o(.revsh_text), (4 bytes).
    Removing stm32f1xx_hal_flash.o(.rrx_text), (6 bytes).
    Removing stm32f1xx_hal_flash.o(i.FLASH_Program_HalfWord), (28 bytes).
    Removing stm32f1xx_hal_flash.o(i.FLASH_SetErrorCode), (92 bytes).
    Removing stm32f1xx_hal_flash.o(i.FLASH_WaitForLastOperation), (84 bytes).
    Removing stm32f1xx_hal_flash.o(i.HAL_FLASH_EndOfOperationCallback), (2 bytes).
    Removing stm32f1xx_hal_flash.o(i.HAL_FLASH_GetError), (12 bytes).
    Removing stm32f1xx_hal_flash.o(i.HAL_FLASH_IRQHandler), (264 bytes).
    Removing stm32f1xx_hal_flash.o(i.HAL_FLASH_Lock), (20 bytes).
    Removing stm32f1xx_hal_flash.o(i.HAL_FLASH_OB_Launch), (4 bytes).
    Removing stm32f1xx_hal_flash.o(i.HAL_FLASH_OB_Lock), (20 bytes).
    Removing stm32f1xx_hal_flash.o(i.HAL_FLASH_OB_Unlock), (36 bytes).
    Removing stm32f1xx_hal_flash.o(i.HAL_FLASH_OperationErrorCallback), (2 bytes).
    Removing stm32f1xx_hal_flash.o(i.HAL_FLASH_Program), (128 bytes).
    Removing stm32f1xx_hal_flash.o(i.HAL_FLASH_Program_IT), (100 bytes).
    Removing stm32f1xx_hal_flash.o(i.HAL_FLASH_Unlock), (40 bytes).
    Removing stm32f1xx_hal_flash.o(.bss), (32 bytes).
    Removing stm32f1xx_hal_flash_ex.o(.rev16_text), (4 bytes).
    Removing stm32f1xx_hal_flash_ex.o(.revsh_text), (4 bytes).
    Removing stm32f1xx_hal_flash_ex.o(.rrx_text), (6 bytes).
    Removing stm32f1xx_hal_flash_ex.o(i.FLASH_MassErase), (36 bytes).
    Removing stm32f1xx_hal_flash_ex.o(i.FLASH_OB_DisableWRP), (176 bytes).
    Removing stm32f1xx_hal_flash_ex.o(i.FLASH_OB_EnableWRP), (176 bytes).
    Removing stm32f1xx_hal_flash_ex.o(i.FLASH_OB_GetRDP), (24 bytes).
    Removing stm32f1xx_hal_flash_ex.o(i.FLASH_OB_RDP_LevelConfig), (100 bytes).
    Removing stm32f1xx_hal_flash_ex.o(i.FLASH_PageErase), (36 bytes).
    Removing stm32f1xx_hal_flash_ex.o(i.HAL_FLASHEx_Erase), (168 bytes).
    Removing stm32f1xx_hal_flash_ex.o(i.HAL_FLASHEx_Erase_IT), (84 bytes).
    Removing stm32f1xx_hal_flash_ex.o(i.HAL_FLASHEx_OBErase), (84 bytes).
    Removing stm32f1xx_hal_flash_ex.o(i.HAL_FLASHEx_OBGetConfig), (36 bytes).
    Removing stm32f1xx_hal_flash_ex.o(i.HAL_FLASHEx_OBGetUserData), (32 bytes).
    Removing stm32f1xx_hal_flash_ex.o(i.HAL_FLASHEx_OBProgram), (200 bytes).
    Removing system_stm32f1xx.o(.rev16_text), (4 bytes).
    Removing system_stm32f1xx.o(.revsh_text), (4 bytes).
    Removing system_stm32f1xx.o(.rrx_text), (6 bytes).
    Removing system_stm32f1xx.o(i.SystemCoreClockUpdate), (104 bytes).

383 unused section(s) (total 21467 bytes) removed from the image.

==============================================================================

Image Symbol Table

    Local Symbols

    Symbol Name                              Value     Ov Type        Size  Object(Section)

    ..//Src/system_stm32f1xx.c               0x00000000   Number         0  system_stm32f1xx.o ABSOLUTE
    ../Drivers/STM32F1xx_HAL_Driver/Src/stm32f1xx_hal.c 0x00000000   Number         0  stm32f1xx_hal.o ABSOLUTE
    ../Drivers/STM32F1xx_HAL_Driver/Src/stm32f1xx_hal_cortex.c 0x00000000   Number         0  stm32f1xx_hal_cortex.o ABSOLUTE
    ../Drivers/STM32F1xx_HAL_Driver/Src/stm32f1xx_hal_dma.c 0x00000000   Number         0  stm32f1xx_hal_dma.o ABSOLUTE
    ../Drivers/STM32F1xx_HAL_Driver/Src/stm32f1xx_hal_flash.c 0x00000000   Number         0  stm32f1xx_hal_flash.o ABSOLUTE
    ../Drivers/STM32F1xx_HAL_Driver/Src/stm32f1xx_hal_flash_ex.c 0x00000000   Number         0  stm32f1xx_hal_flash_ex.o ABSOLUTE
    ../Drivers/STM32F1xx_HAL_Driver/Src/stm32f1xx_hal_gpio.c 0x00000000   Number         0  stm32f1xx_hal_gpio.o ABSOLUTE
    ../Drivers/STM32F1xx_HAL_Driver/Src/stm32f1xx_hal_gpio_ex.c 0x00000000   Number         0  stm32f1xx_hal_gpio_ex.o ABSOLUTE
    ../Drivers/STM32F1xx_HAL_Driver/Src/stm32f1xx_hal_pwr.c 0x00000000   Number         0  stm32f1xx_hal_pwr.o ABSOLUTE
    ../Drivers/STM32F1xx_HAL_Driver/Src/stm32f1xx_hal_rcc.c 0x00000000   Number         0  stm32f1xx_hal_rcc.o ABSOLUTE
    ../Drivers/STM32F1xx_HAL_Driver/Src/stm32f1xx_hal_rcc_ex.c 0x00000000   Number         0  stm32f1xx_hal_rcc_ex.o ABSOLUTE
    ../Drivers/STM32F1xx_HAL_Driver/Src/stm32f1xx_hal_rtc.c 0x00000000   Number         0  stm32f1xx_hal_rtc.o ABSOLUTE
    ../Drivers/STM32F1xx_HAL_Driver/Src/stm32f1xx_hal_rtc_ex.c 0x00000000   Number         0  stm32f1xx_hal_rtc_ex.o ABSOLUTE
    ../Drivers/STM32F1xx_HAL_Driver/Src/stm32f1xx_hal_tim.c 0x00000000   Number         0  stm32f1xx_hal_tim.o ABSOLUTE
    ../Drivers/STM32F1xx_HAL_Driver/Src/stm32f1xx_hal_tim_ex.c 0x00000000   Number         0  stm32f1xx_hal_tim_ex.o ABSOLUTE
    ../Drivers/STM32F1xx_HAL_Driver/Src/stm32f1xx_hal_uart.c 0x00000000   Number         0  stm32f1xx_hal_uart.o ABSOLUTE
    ../Src/main.c                            0x00000000   Number         0  main.o ABSOLUTE
    ../Src/stm32f1xx_hal_msp.c               0x00000000   Number         0  stm32f1xx_hal_msp.o ABSOLUTE
    ../Src/stm32f1xx_it.c                    0x00000000   Number         0  stm32f1xx_it.o ABSOLUTE
    ../clib/microlib/division.c              0x00000000   Number         0  uldiv.o ABSOLUTE
    ../clib/microlib/division.c              0x00000000   Number         0  uidiv.o ABSOLUTE
    ../clib/microlib/errno.c                 0x00000000   Number         0  errno.o ABSOLUTE
    ../clib/microlib/init/entry.s            0x00000000   Number         0  entry7a.o ABSOLUTE
    ../clib/microlib/init/entry.s            0x00000000   Number         0  entry11b.o ABSOLUTE
    ../clib/microlib/init/entry.s            0x00000000   Number         0  entry2.o ABSOLUTE
    ../clib/microlib/init/entry.s            0x00000000   Number         0  entry11a.o ABSOLUTE
    ../clib/microlib/init/entry.s            0x00000000   Number         0  entry10b.o ABSOLUTE
    ../clib/microlib/init/entry.s            0x00000000   Number         0  entry8b.o ABSOLUTE
    ../clib/microlib/init/entry.s            0x00000000   Number         0  entry8a.o ABSOLUTE
    ../clib/microlib/init/entry.s            0x00000000   Number         0  entry5.o ABSOLUTE
    ../clib/microlib/init/entry.s            0x00000000   Number         0  entry.o ABSOLUTE
    ../clib/microlib/init/entry.s            0x00000000   Number         0  entry7b.o ABSOLUTE
    ../clib/microlib/init/entry.s            0x00000000   Number         0  entry10a.o ABSOLUTE
    ../clib/microlib/init/entry.s            0x00000000   Number         0  entry9b.o ABSOLUTE
    ../clib/microlib/init/entry.s            0x00000000   Number         0  entry9a.o ABSOLUTE
    ../clib/microlib/longlong.c              0x00000000   Number         0  llsshr.o ABSOLUTE
    ../clib/microlib/longlong.c              0x00000000   Number         0  llushr.o ABSOLUTE
    ../clib/microlib/longlong.c              0x00000000   Number         0  llshl.o ABSOLUTE
    ../clib/microlib/printf/printf.c         0x00000000   Number         0  printf7.o ABSOLUTE
    ../clib/microlib/printf/printf.c         0x00000000   Number         0  printfb.o ABSOLUTE
    ../clib/microlib/printf/printf.c         0x00000000   Number         0  printf1.o ABSOLUTE
    ../clib/microlib/printf/printf.c         0x00000000   Number         0  printf0.o ABSOLUTE
    ../clib/microlib/printf/printf.c         0x00000000   Number         0  printfa.o ABSOLUTE
    ../clib/microlib/printf/printf.c         0x00000000   Number         0  printf8.o ABSOLUTE
    ../clib/microlib/printf/printf.c         0x00000000   Number         0  printf6.o ABSOLUTE
    ../clib/microlib/printf/printf.c         0x00000000   Number         0  printf5.o ABSOLUTE
    ../clib/microlib/printf/printf.c         0x00000000   Number         0  printf4.o ABSOLUTE
    ../clib/microlib/printf/printf.c         0x00000000   Number         0  printf3.o ABSOLUTE
    ../clib/microlib/printf/printf.c         0x00000000   Number         0  printf2.o ABSOLUTE
    ../clib/microlib/printf/stubs.s          0x00000000   Number         0  stubs.o ABSOLUTE
    ../clib/microlib/stdio/streams.c         0x00000000   Number         0  stdout.o ABSOLUTE
    ../clib/microlib/string/memcpy.c         0x00000000   Number         0  memcpyb.o ABSOLUTE
    ../clib/microlib/string/memcpy.c         0x00000000   Number         0  memcpya.o ABSOLUTE
    ../clib/microlib/stubs.s                 0x00000000   Number         0  iusefp.o ABSOLUTE
    ../clib/microlib/time/asctime.c          0x00000000   Number         0  asctime_s.o ABSOLUTE
    ../clib/microlib/time/localtime.c        0x00000000   Number         0  localtime_w.o ABSOLUTE
    ../clib/microlib/time/localtime.c        0x00000000   Number         0  localtime_i.o ABSOLUTE
    ../clib/microlib/time/localtime.c        0x00000000   Number         0  localtime.o ABSOLUTE
    ../clib/microlib/time/mktime.c           0x00000000   Number         0  mktime.o ABSOLUTE
    ../clib/microlib/time/strftime.c         0x00000000   Number         0  strftime.o ABSOLUTE
    ../fplib/microlib/f2d.c                  0x00000000   Number         0  f2d.o ABSOLUTE
    ../fplib/microlib/fpadd.c                0x00000000   Number         0  fadd.o ABSOLUTE
    ../fplib/microlib/fpadd.c                0x00000000   Number         0  dadd.o ABSOLUTE
    ../fplib/microlib/fpdiv.c                0x00000000   Number         0  fdiv.o ABSOLUTE
    ../fplib/microlib/fpdiv.c                0x00000000   Number         0  ddiv.o ABSOLUTE
    ../fplib/microlib/fpepilogue.c           0x00000000   Number         0  fepilogue.o ABSOLUTE
    ../fplib/microlib/fpepilogue.c           0x00000000   Number         0  depilogue.o ABSOLUTE
    ../fplib/microlib/fpfix.c                0x00000000   Number         0  ffixir.o ABSOLUTE
    ../fplib/microlib/fpfix.c                0x00000000   Number         0  dfixul.o ABSOLUTE
    ../fplib/microlib/fpflt.c                0x00000000   Number         0  fflti.o ABSOLUTE
    ../fplib/microlib/fpmul.c                0x00000000   Number         0  fmul.o ABSOLUTE
    ../fplib/microlib/fpmul.c                0x00000000   Number         0  dmul.o ABSOLUTE
    ../fplib/microlib/fpscalb.c              0x00000000   Number         0  fscalb.o ABSOLUTE
    ../fplib/microlib/fpstat.c               0x00000000   Number         0  fpstat.o ABSOLUTE
    ../mathlib/fpclassifyf.c                 0x00000000   Number         0  fpclassifyf.o ABSOLUTE
    ../mathlib/funder.c                      0x00000000   Number         0  funder.o ABSOLUTE
    ../mathlib/powf.c                        0x00000000   Number         0  powf.o ABSOLUTE
    ../mathlib/powf.c                        0x00000000   Number         0  powf_x.o ABSOLUTE
    ..\Drivers\STM32F1xx_HAL_Driver\Src\stm32f1xx_hal.c 0x00000000   Number         0  stm32f1xx_hal.o ABSOLUTE
    ..\Drivers\STM32F1xx_HAL_Driver\Src\stm32f1xx_hal_cortex.c 0x00000000   Number         0  stm32f1xx_hal_cortex.o ABSOLUTE
    ..\Drivers\STM32F1xx_HAL_Driver\Src\stm32f1xx_hal_dma.c 0x00000000   Number         0  stm32f1xx_hal_dma.o ABSOLUTE
    ..\Drivers\STM32F1xx_HAL_Driver\Src\stm32f1xx_hal_flash.c 0x00000000   Number         0  stm32f1xx_hal_flash.o ABSOLUTE
    ..\Drivers\STM32F1xx_HAL_Driver\Src\stm32f1xx_hal_flash_ex.c 0x00000000   Number         0  stm32f1xx_hal_flash_ex.o ABSOLUTE
    ..\Drivers\STM32F1xx_HAL_Driver\Src\stm32f1xx_hal_gpio.c 0x00000000   Number         0  stm32f1xx_hal_gpio.o ABSOLUTE
    ..\Drivers\STM32F1xx_HAL_Driver\Src\stm32f1xx_hal_gpio_ex.c 0x00000000   Number         0  stm32f1xx_hal_gpio_ex.o ABSOLUTE
    ..\Drivers\STM32F1xx_HAL_Driver\Src\stm32f1xx_hal_pwr.c 0x00000000   Number         0  stm32f1xx_hal_pwr.o ABSOLUTE
    ..\Drivers\STM32F1xx_HAL_Driver\Src\stm32f1xx_hal_rcc.c 0x00000000   Number         0  stm32f1xx_hal_rcc.o ABSOLUTE
    ..\Drivers\STM32F1xx_HAL_Driver\Src\stm32f1xx_hal_rcc_ex.c 0x00000000   Number         0  stm32f1xx_hal_rcc_ex.o ABSOLUTE
    ..\Drivers\STM32F1xx_HAL_Driver\Src\stm32f1xx_hal_rtc.c 0x00000000   Number         0  stm32f1xx_hal_rtc.o ABSOLUTE
    ..\Drivers\STM32F1xx_HAL_Driver\Src\stm32f1xx_hal_rtc_ex.c 0x00000000   Number         0  stm32f1xx_hal_rtc_ex.o ABSOLUTE
    ..\Drivers\STM32F1xx_HAL_Driver\Src\stm32f1xx_hal_tim.c 0x00000000   Number         0  stm32f1xx_hal_tim.o ABSOLUTE
    ..\Drivers\STM32F1xx_HAL_Driver\Src\stm32f1xx_hal_tim_ex.c 0x00000000   Number         0  stm32f1xx_hal_tim_ex.o ABSOLUTE
    ..\Drivers\STM32F1xx_HAL_Driver\Src\stm32f1xx_hal_uart.c 0x00000000   Number         0  stm32f1xx_hal_uart.o ABSOLUTE
    ..\Src\ds18b20_mflib.c                   0x00000000   Number         0  ds18b20_mflib.o ABSOLUTE
    ..\Src\main.c                            0x00000000   Number         0  main.o ABSOLUTE
    ..\Src\stm32f1xx_hal_msp.c               0x00000000   Number         0  stm32f1xx_hal_msp.o ABSOLUTE
    ..\Src\stm32f1xx_it.c                    0x00000000   Number         0  stm32f1xx_it.o ABSOLUTE
    ..\\Src\\ds18b20_mflib.c                 0x00000000   Number         0  ds18b20_mflib.o ABSOLUTE
    ..\\Src\system_stm32f1xx.c               0x00000000   Number         0  system_stm32f1xx.o ABSOLUTE
    cdrcmple.s                               0x00000000   Number         0  cdrcmple.o ABSOLUTE
    dc.s                                     0x00000000   Number         0  dc.o ABSOLUTE
    handlers.s                               0x00000000   Number         0  handlers.o ABSOLUTE
    init.s                                   0x00000000   Number         0  init.o ABSOLUTE
    startup_stm32f103xb.s                    0x00000000   Number         0  startup_stm32f103xb.o ABSOLUTE
    RESET                                    0x08000000   Section      236  startup_stm32f103xb.o(RESET)
    .ARM.Collect$$$$00000000                 0x080000ec   Section        0  entry.o(.ARM.Collect$$$$00000000)
    .ARM.Collect$$$$00000001                 0x080000ec   Section        4  entry2.o(.ARM.Collect$$$$00000001)
    .ARM.Collect$$$$00000004                 0x080000f0   Section        4  entry5.o(.ARM.Collect$$$$00000004)
    .ARM.Collect$$$$00000008                 0x080000f4   Section        0  entry7b.o(.ARM.Collect$$$$00000008)
    .ARM.Collect$$$$0000000A                 0x080000f4   Section        0  entry8b.o(.ARM.Collect$$$$0000000A)
    .ARM.Collect$$$$0000000B                 0x080000f4   Section        8  entry9a.o(.ARM.Collect$$$$0000000B)
    .ARM.Collect$$$$0000000D                 0x080000fc   Section        0  entry10a.o(.ARM.Collect$$$$0000000D)
    .ARM.Collect$$$$0000000F                 0x080000fc   Section        0  entry11a.o(.ARM.Collect$$$$0000000F)
    .ARM.Collect$$$$00002712                 0x080000fc   Section        4  entry2.o(.ARM.Collect$$$$00002712)
    __lit__00000000                          0x080000fc   Data           4  entry2.o(.ARM.Collect$$$$00002712)
    .text                                    0x08000100   Section       36  startup_stm32f103xb.o(.text)
    .text                                    0x08000124   Section        0  llushr.o(.text)
    .text                                    0x08000144   Section        0  mktime.o(.text)
    .text                                    0x080001ec   Section        0  memcpya.o(.text)
    .text                                    0x08000210   Section        0  fadd.o(.text)
    .text                                    0x080002c0   Section        0  fflti.o(.text)
    .text                                    0x080002d2   Section        0  f2d.o(.text)
    .text                                    0x080002f8   Section        0  uidiv.o(.text)
    .text                                    0x08000324   Section        0  uldiv.o(.text)
    .text                                    0x08000388   Section        0  localtime_i.o(.text)
    .text                                    0x08000414   Section        0  fepilogue.o(.text)
    .text                                    0x08000414   Section        0  iusefp.o(.text)
    .text                                    0x08000482   Section        0  fmul.o(.text)
    .text                                    0x080004e6   Section        0  fdiv.o(.text)
    .text                                    0x08000562   Section        0  fscalb.o(.text)
    .text                                    0x0800057a   Section        0  dadd.o(.text)
    .text                                    0x080006c8   Section        0  dmul.o(.text)
    .text                                    0x080007ac   Section        0  ddiv.o(.text)
    .text                                    0x0800088a   Section        0  dfixul.o(.text)
    .text                                    0x080008ba   Section        0  ffixir.o(.text)
    .text                                    0x08000908   Section       48  cdrcmple.o(.text)
    .text                                    0x08000938   Section        0  fpstat.o(.text)
    .text                                    0x0800093c   Section       36  init.o(.text)
    .text                                    0x08000960   Section        0  llshl.o(.text)
    .text                                    0x0800097e   Section        0  llsshr.o(.text)
    .text                                    0x080009a2   Section        0  depilogue.o(.text)
    i.BusFault_Handler                       0x08000a5c   Section        0  stm32f1xx_it.o(i.BusFault_Handler)
    i.DebugMon_Handler                       0x08000a5e   Section        0  stm32f1xx_it.o(i.DebugMon_Handler)
    i.DelayMicro                             0x08000a60   Section        0  ds18b20_mflib.o(i.DelayMicro)
    DelayMicro                               0x08000a61   Thumb Code    30  ds18b20_mflib.o(i.DelayMicro)
    i.HAL_Delay                              0x08000a88   Section        0  stm32f1xx_hal.o(i.HAL_Delay)
    i.HAL_GPIO_Init                          0x08000aac   Section        0  stm32f1xx_hal_gpio.o(i.HAL_GPIO_Init)
    i.HAL_GPIO_ReadPin                       0x08000c68   Section        0  stm32f1xx_hal_gpio.o(i.HAL_GPIO_ReadPin)
    i.HAL_GPIO_TogglePin                     0x08000c72   Section        0  stm32f1xx_hal_gpio.o(i.HAL_GPIO_TogglePin)
    i.HAL_GPIO_WritePin                      0x08000c7a   Section        0  stm32f1xx_hal_gpio.o(i.HAL_GPIO_WritePin)
    i.HAL_GetTick                            0x08000c84   Section        0  stm32f1xx_hal.o(i.HAL_GetTick)
    i.HAL_IncTick                            0x08000c90   Section        0  stm32f1xx_hal.o(i.HAL_IncTick)
    i.HAL_Init                               0x08000ca0   Section        0  stm32f1xx_hal.o(i.HAL_Init)
    i.HAL_InitTick                           0x08000cc4   Section        0  stm32f1xx_hal.o(i.HAL_InitTick)
    i.HAL_MspInit                            0x08000d04   Section        0  stm32f1xx_hal_msp.o(i.HAL_MspInit)
    i.HAL_NVIC_EnableIRQ                     0x08000d84   Section        0  stm32f1xx_hal_cortex.o(i.HAL_NVIC_EnableIRQ)
    i.HAL_NVIC_SetPriority                   0x08000d9c   Section        0  stm32f1xx_hal_cortex.o(i.HAL_NVIC_SetPriority)
    i.HAL_NVIC_SetPriorityGrouping           0x08000ddc   Section        0  stm32f1xx_hal_cortex.o(i.HAL_NVIC_SetPriorityGrouping)
    i.HAL_PWR_EnableBkUpAccess               0x08000e00   Section        0  stm32f1xx_hal_pwr.o(i.HAL_PWR_EnableBkUpAccess)
    i.HAL_RCCEx_GetPeriphCLKFreq             0x08000e0c   Section        0  stm32f1xx_hal_rcc_ex.o(i.HAL_RCCEx_GetPeriphCLKFreq)
    i.HAL_RCCEx_PeriphCLKConfig              0x08000ed4   Section        0  stm32f1xx_hal_rcc_ex.o(i.HAL_RCCEx_PeriphCLKConfig)
    i.HAL_RCC_ClockConfig                    0x08000fc0   Section        0  stm32f1xx_hal_rcc.o(i.HAL_RCC_ClockConfig)
    i.HAL_RCC_GetHCLKFreq                    0x08001114   Section        0  stm32f1xx_hal_rcc.o(i.HAL_RCC_GetHCLKFreq)
    i.HAL_RCC_GetPCLK1Freq                   0x08001120   Section        0  stm32f1xx_hal_rcc.o(i.HAL_RCC_GetPCLK1Freq)
    i.HAL_RCC_GetPCLK2Freq                   0x08001140   Section        0  stm32f1xx_hal_rcc.o(i.HAL_RCC_GetPCLK2Freq)
    i.HAL_RCC_GetSysClockFreq                0x08001160   Section        0  stm32f1xx_hal_rcc.o(i.HAL_RCC_GetSysClockFreq)
    i.HAL_RCC_OscConfig                      0x080011cc   Section        0  stm32f1xx_hal_rcc.o(i.HAL_RCC_OscConfig)
    i.HAL_RTCEx_BKUPRead                     0x080014d0   Section        0  stm32f1xx_hal_rtc_ex.o(i.HAL_RTCEx_BKUPRead)
    i.HAL_RTCEx_BKUPWrite                    0x080014e0   Section        0  stm32f1xx_hal_rtc_ex.o(i.HAL_RTCEx_BKUPWrite)
    i.HAL_RTCEx_SetSecond_IT                 0x080014f0   Section        0  stm32f1xx_hal_rtc_ex.o(i.HAL_RTCEx_SetSecond_IT)
    i.HAL_RTC_Init                           0x0800151c   Section        0  stm32f1xx_hal_rtc.o(i.HAL_RTC_Init)
    i.HAL_RTC_MspInit                        0x080015bc   Section        0  stm32f1xx_hal_msp.o(i.HAL_RTC_MspInit)
    i.HAL_RTC_WaitForSynchro                 0x080015f0   Section        0  stm32f1xx_hal_rtc.o(i.HAL_RTC_WaitForSynchro)
    i.HAL_SYSTICK_CLKSourceConfig            0x0800162a   Section        0  stm32f1xx_hal_cortex.o(i.HAL_SYSTICK_CLKSourceConfig)
    i.HAL_SYSTICK_Callback                   0x08001642   Section        0  stm32f1xx_hal_cortex.o(i.HAL_SYSTICK_Callback)
    i.HAL_SYSTICK_Config                     0x08001644   Section        0  stm32f1xx_hal_cortex.o(i.HAL_SYSTICK_Config)
    i.HAL_SYSTICK_IRQHandler                 0x0800166c   Section        0  stm32f1xx_hal_cortex.o(i.HAL_SYSTICK_IRQHandler)
    i.HAL_TIMEx_BreakCallback                0x08001674   Section        0  stm32f1xx_hal_tim_ex.o(i.HAL_TIMEx_BreakCallback)
    i.HAL_TIMEx_CommutationCallback          0x08001676   Section        0  stm32f1xx_hal_tim_ex.o(i.HAL_TIMEx_CommutationCallback)
    i.HAL_TIMEx_MasterConfigSynchronization  0x08001678   Section        0  stm32f1xx_hal_tim_ex.o(i.HAL_TIMEx_MasterConfigSynchronization)
    i.HAL_TIM_Base_Init                      0x080016c8   Section        0  stm32f1xx_hal_tim.o(i.HAL_TIM_Base_Init)
    i.HAL_TIM_Base_MspInit                   0x08001700   Section        0  stm32f1xx_hal_msp.o(i.HAL_TIM_Base_MspInit)
    i.HAL_TIM_Base_Start_IT                  0x0800176c   Section        0  stm32f1xx_hal_tim.o(i.HAL_TIM_Base_Start_IT)
    i.HAL_TIM_ConfigClockSource              0x08001784   Section        0  stm32f1xx_hal_tim.o(i.HAL_TIM_ConfigClockSource)
    i.HAL_TIM_IC_CaptureCallback             0x08001876   Section        0  stm32f1xx_hal_tim.o(i.HAL_TIM_IC_CaptureCallback)
    i.HAL_TIM_IRQHandler                     0x08001878   Section        0  stm32f1xx_hal_tim.o(i.HAL_TIM_IRQHandler)
    i.HAL_TIM_OC_DelayElapsedCallback        0x080019de   Section        0  stm32f1xx_hal_tim.o(i.HAL_TIM_OC_DelayElapsedCallback)
    i.HAL_TIM_PWM_PulseFinishedCallback      0x080019e0   Section        0  stm32f1xx_hal_tim.o(i.HAL_TIM_PWM_PulseFinishedCallback)
    i.HAL_TIM_PeriodElapsedCallback          0x080019e2   Section        0  stm32f1xx_hal_tim.o(i.HAL_TIM_PeriodElapsedCallback)
    i.HAL_TIM_TriggerCallback                0x080019e4   Section        0  stm32f1xx_hal_tim.o(i.HAL_TIM_TriggerCallback)
    i.HAL_UART_Init                          0x080019e6   Section        0  stm32f1xx_hal_uart.o(i.HAL_UART_Init)
    i.HAL_UART_MspInit                       0x08001a48   Section        0  stm32f1xx_hal_msp.o(i.HAL_UART_MspInit)
    i.HAL_UART_Transmit                      0x08001aa0   Section        0  stm32f1xx_hal_uart.o(i.HAL_UART_Transmit)
    i.HardFault_Handler                      0x08001b5a   Section        0  stm32f1xx_it.o(i.HardFault_Handler)
    i.LCD_Enable                             0x08001b5c   Section        0  main.o(i.LCD_Enable)
    i.LCD_Gotoxy                             0x08001b88   Section        0  main.o(i.LCD_Gotoxy)
    i.LCD_Init                               0x08001b98   Section        0  main.o(i.LCD_Init)
    i.LCD_PutChar                            0x08001be8   Section        0  main.o(i.LCD_PutChar)
    i.LCD_Puts                               0x08001c10   Section        0  main.o(i.LCD_Puts)
    i.LCD_Send4Bit                           0x08001c28   Section        0  main.o(i.LCD_Send4Bit)
    i.LCD_SendCommand                        0x08001c68   Section        0  main.o(i.LCD_SendCommand)
    i.MX_GPIO_Init                           0x08001c84   Section        0  main.o(i.MX_GPIO_Init)
    MX_GPIO_Init                             0x08001c85   Thumb Code   128  main.o(i.MX_GPIO_Init)
    i.MX_TIM1_Init                           0x08001d10   Section        0  main.o(i.MX_TIM1_Init)
    MX_TIM1_Init                             0x08001d11   Thumb Code    80  main.o(i.MX_TIM1_Init)
    i.MemManage_Handler                      0x08001d68   Section        0  stm32f1xx_it.o(i.MemManage_Handler)
    i.NMI_Handler                            0x08001d6a   Section        0  stm32f1xx_it.o(i.NMI_Handler)
    i.NVIC_SetPriority                       0x08001d6c   Section        0  stm32f1xx_hal_cortex.o(i.NVIC_SetPriority)
    NVIC_SetPriority                         0x08001d6d   Thumb Code    32  stm32f1xx_hal_cortex.o(i.NVIC_SetPriority)
    i.PendSV_Handler                         0x08001d8c   Section        0  stm32f1xx_it.o(i.PendSV_Handler)
    i.RTC_CalendarShow                       0x08001d90   Section        0  main.o(i.RTC_CalendarShow)
    RTC_CalendarShow                         0x08001d91   Thumb Code   188  main.o(i.RTC_CalendarShow)
    i.RTC_EnterInitMode                      0x08001f48   Section        0  stm32f1xx_hal_rtc.o(i.RTC_EnterInitMode)
    RTC_EnterInitMode                        0x08001f49   Thumb Code    52  stm32f1xx_hal_rtc.o(i.RTC_EnterInitMode)
    i.RTC_ExitInitMode                       0x08001f7c   Section        0  stm32f1xx_hal_rtc.o(i.RTC_ExitInitMode)
    RTC_ExitInitMode                         0x08001f7d   Thumb Code    54  stm32f1xx_hal_rtc.o(i.RTC_ExitInitMode)
    i.RTC_ReadTimeCounter                    0x08001fb2   Section        0  stm32f1xx_hal_rtc.o(i.RTC_ReadTimeCounter)
    i.RTC_WriteTimeCounter                   0x08001fd2   Section        0  stm32f1xx_hal_rtc.o(i.RTC_WriteTimeCounter)
    i.SVC_Handler                            0x08001ffa   Section        0  stm32f1xx_it.o(i.SVC_Handler)
    i.SysTick_Handler                        0x08001ffc   Section        0  stm32f1xx_it.o(i.SysTick_Handler)
    i.SystemClock_Config                     0x0800200a   Section        0  main.o(i.SystemClock_Config)
    i.SystemInit                             0x0800208c   Section        0  system_stm32f1xx.o(i.SystemInit)
    i.TIM1_UP_IRQHandler                     0x080020d4   Section        0  main.o(i.TIM1_UP_IRQHandler)
    i.TIM_Base_SetConfig                     0x080020f4   Section        0  stm32f1xx_hal_tim.o(i.TIM_Base_SetConfig)
    i.TIM_ETR_SetConfig                      0x08002160   Section        0  stm32f1xx_hal_tim.o(i.TIM_ETR_SetConfig)
    TIM_ETR_SetConfig                        0x08002161   Thumb Code    20  stm32f1xx_hal_tim.o(i.TIM_ETR_SetConfig)
    i.TIM_ITRx_SetConfig                     0x08002174   Section        0  stm32f1xx_hal_tim.o(i.TIM_ITRx_SetConfig)
    TIM_ITRx_SetConfig                       0x08002175   Thumb Code    16  stm32f1xx_hal_tim.o(i.TIM_ITRx_SetConfig)
    i.TIM_TI1_ConfigInputStage               0x08002184   Section        0  stm32f1xx_hal_tim.o(i.TIM_TI1_ConfigInputStage)
    TIM_TI1_ConfigInputStage                 0x08002185   Thumb Code    34  stm32f1xx_hal_tim.o(i.TIM_TI1_ConfigInputStage)
    i.TIM_TI2_ConfigInputStage               0x080021a6   Section        0  stm32f1xx_hal_tim.o(i.TIM_TI2_ConfigInputStage)
    TIM_TI2_ConfigInputStage                 0x080021a7   Thumb Code    36  stm32f1xx_hal_tim.o(i.TIM_TI2_ConfigInputStage)
    i.UART_SetConfig                         0x080021cc   Section        0  stm32f1xx_hal_uart.o(i.UART_SetConfig)
    UART_SetConfig                           0x080021cd   Thumb Code   364  stm32f1xx_hal_uart.o(i.UART_SetConfig)
    i.UART_WaitOnFlagUntilTimeout            0x0800233c   Section        0  stm32f1xx_hal_uart.o(i.UART_WaitOnFlagUntilTimeout)
    UART_WaitOnFlagUntilTimeout              0x0800233d   Thumb Code   100  stm32f1xx_hal_uart.o(i.UART_WaitOnFlagUntilTimeout)
    i.UsageFault_Handler                     0x080023a0   Section        0  stm32f1xx_it.o(i.UsageFault_Handler)
    i.__0printf                              0x080023a4   Section        0  printfa.o(i.__0printf)
    i.__0sprintf                             0x080023c4   Section        0  printfa.o(i.__0sprintf)
    i.__ARM_fpclassifyf                      0x080023ec   Section        0  fpclassifyf.o(i.__ARM_fpclassifyf)
    i.__mathlib_flt_divzero                  0x08002412   Section        0  funder.o(i.__mathlib_flt_divzero)
    i.__mathlib_flt_infnan2                  0x0800241c   Section        0  funder.o(i.__mathlib_flt_infnan2)
    i.__mathlib_flt_invalid                  0x08002420   Section        0  funder.o(i.__mathlib_flt_invalid)
    i.__mathlib_flt_overflow                 0x08002428   Section        0  funder.o(i.__mathlib_flt_overflow)
    i.__mathlib_flt_underflow                0x08002432   Section        0  funder.o(i.__mathlib_flt_underflow)
    i.__scatterload_copy                     0x0800243c   Section       14  handlers.o(i.__scatterload_copy)
    i.__scatterload_null                     0x0800244a   Section        2  handlers.o(i.__scatterload_null)
    i.__scatterload_zeroinit                 0x0800244c   Section       14  handlers.o(i.__scatterload_zeroinit)
    i.__set_errno                            0x0800245c   Section        0  errno.o(i.__set_errno)
    i._fp_digits                             0x08002468   Section        0  printfa.o(i._fp_digits)
    _fp_digits                               0x08002469   Thumb Code   366  printfa.o(i._fp_digits)
    i._printf_core                           0x080025ec   Section        0  printfa.o(i._printf_core)
    _printf_core                             0x080025ed   Thumb Code  1744  printfa.o(i._printf_core)
    i._printf_post_padding                   0x08002cc8   Section        0  printfa.o(i._printf_post_padding)
    _printf_post_padding                     0x08002cc9   Thumb Code    36  printfa.o(i._printf_post_padding)
    i._printf_pre_padding                    0x08002cec   Section        0  printfa.o(i._printf_pre_padding)
    _printf_pre_padding                      0x08002ced   Thumb Code    46  printfa.o(i._printf_pre_padding)
    i._sputc                                 0x08002d1a   Section        0  printfa.o(i._sputc)
    _sputc                                   0x08002d1b   Thumb Code    10  printfa.o(i._sputc)
    i.convert_time_stamp                     0x08002d24   Section        0  main.o(i.convert_time_stamp)
    i.ds18b20_init_seq                       0x08002dd4   Section        0  ds18b20_mflib.o(i.ds18b20_init_seq)
    i.ds18b20_read_bit                       0x08002e20   Section        0  ds18b20_mflib.o(i.ds18b20_read_bit)
    i.ds18b20_read_byte                      0x08002e68   Section        0  ds18b20_mflib.o(i.ds18b20_read_byte)
    i.ds18b20_read_temp                      0x08002e86   Section        0  ds18b20_mflib.o(i.ds18b20_read_temp)
    i.ds18b20_send_function_cmd              0x08002ed4   Section        0  ds18b20_mflib.o(i.ds18b20_send_function_cmd)
    i.ds18b20_send_rom_cmd                   0x08002ef4   Section        0  ds18b20_mflib.o(i.ds18b20_send_rom_cmd)
    i.ds18b20_write_byte                     0x08002ef8   Section        0  ds18b20_mflib.o(i.ds18b20_write_byte)
    i.fputc                                  0x08002f60   Section        0  main.o(i.fputc)
    i.main                                   0x08002f78   Section        0  main.o(i.main)
    i.powf                                   0x080030c0   Section        0  powf.o(i.powf)
    i.set_time                               0x080036e0   Section        0  main.o(i.set_time)
    .constdata                               0x08003702   Section       12  main.o(.constdata)
    .constdata                               0x0800370e   Section       16  system_stm32f1xx.o(.constdata)
    .constdata                               0x0800371e   Section        8  system_stm32f1xx.o(.constdata)
    .constdata                               0x08003728   Section      320  powf.o(.constdata)
    table                                    0x08003728   Data         128  powf.o(.constdata)
    powersof2to1over16top                    0x080037a8   Data          64  powf.o(.constdata)
    powersof2to1over16bot                    0x080037e8   Data          64  powf.o(.constdata)
    powersof2to1over16all                    0x08003828   Data          64  powf.o(.constdata)
    .constdata                               0x08003868   Section       12  mktime.o(.constdata)
    monlen                                   0x08003868   Data          12  mktime.o(.constdata)
    .constdata                               0x08003874   Section       12  localtime_i.o(.constdata)
    monlen                                   0x08003874   Data          12  localtime_i.o(.constdata)
    .data                                    0x20000000   Section        4  main.o(.data)
    .data                                    0x20000004   Section       12  stm32f1xx_hal.o(.data)
    .data                                    0x20000010   Section        4  system_stm32f1xx.o(.data)
    .data                                    0x20000014   Section        4  stdout.o(.data)
    .data                                    0x20000018   Section        4  errno.o(.data)
    _errno                                   0x20000018   Data           4  errno.o(.data)
    .bss                                     0x2000001c   Section      248  main.o(.bss)
    cal_string                               0x2000001c   Data          80  main.o(.bss)
    STACK                                    0x20000118   Section     1024  startup_stm32f103xb.o(STACK)

    Global Symbols

    Symbol Name                              Value     Ov Type        Size  Object(Section)

    BuildAttributes$$THM_ISAv4$P$D$K$B$S$PE$A:L22UL41UL21$X:L11$S22US41US21$IEEE1$IW$USESV6$~STKCKD$USESV7$~SHL$OTIME$ROPI$IEEEX$EBA8$MICROLIB$REQ8$PRES8$EABIv2 0x00000000   Number         0  anon$$obj.o ABSOLUTE
    __ARM_use_no_argv                        0x00000000   Number         0  main.o ABSOLUTE
    _printf_a                                0x00000000   Number         0  stubs.o ABSOLUTE
    _printf_c                                0x00000000   Number         0  stubs.o ABSOLUTE
    _printf_charcount                        0x00000000   Number         0  stubs.o ABSOLUTE
    _printf_d                                0x00000000   Number         0  stubs.o ABSOLUTE
    _printf_e                                0x00000000   Number         0  stubs.o ABSOLUTE
    _printf_f                                0x00000000   Number         0  stubs.o ABSOLUTE
    _printf_flags                            0x00000000   Number         0  stubs.o ABSOLUTE
    _printf_fp_dec                           0x00000000   Number         0  stubs.o ABSOLUTE
    _printf_fp_hex                           0x00000000   Number         0  stubs.o ABSOLUTE
    _printf_g                                0x00000000   Number         0  stubs.o ABSOLUTE
    _printf_i                                0x00000000   Number         0  stubs.o ABSOLUTE
    _printf_int_dec                          0x00000000   Number         0  stubs.o ABSOLUTE
    _printf_l                                0x00000000   Number         0  stubs.o ABSOLUTE
    _printf_lc                               0x00000000   Number         0  stubs.o ABSOLUTE
    _printf_ll                               0x00000000   Number         0  stubs.o ABSOLUTE
    _printf_lld                              0x00000000   Number         0  stubs.o ABSOLUTE
    _printf_lli                              0x00000000   Number         0  stubs.o ABSOLUTE
    _printf_llo                              0x00000000   Number         0  stubs.o ABSOLUTE
    _printf_llu                              0x00000000   Number         0  stubs.o ABSOLUTE
    _printf_llx                              0x00000000   Number         0  stubs.o ABSOLUTE
    _printf_longlong_dec                     0x00000000   Number         0  stubs.o ABSOLUTE
    _printf_longlong_hex                     0x00000000   Number         0  stubs.o ABSOLUTE
    _printf_longlong_oct                     0x00000000   Number         0  stubs.o ABSOLUTE
    _printf_ls                               0x00000000   Number         0  stubs.o ABSOLUTE
    _printf_mbtowc                           0x00000000   Number         0  stubs.o ABSOLUTE
    _printf_n                                0x00000000   Number         0  stubs.o ABSOLUTE
    _printf_o                                0x00000000   Number         0  stubs.o ABSOLUTE
    _printf_p                                0x00000000   Number         0  stubs.o ABSOLUTE
    _printf_percent                          0x00000000   Number         0  stubs.o ABSOLUTE
    _printf_pre_padding                      0x00000000   Number         0  stubs.o ABSOLUTE
    _printf_return_value                     0x00000000   Number         0  stubs.o ABSOLUTE
    _printf_s                                0x00000000   Number         0  stubs.o ABSOLUTE
    _printf_sizespec                         0x00000000   Number         0  stubs.o ABSOLUTE
    _printf_str                              0x00000000   Number         0  stubs.o ABSOLUTE
    _printf_truncate_signed                  0x00000000   Number         0  stubs.o ABSOLUTE
    _printf_truncate_unsigned                0x00000000   Number         0  stubs.o ABSOLUTE
    _printf_u                                0x00000000   Number         0  stubs.o ABSOLUTE
    _printf_wc                               0x00000000   Number         0  stubs.o ABSOLUTE
    _printf_wctomb                           0x00000000   Number         0  stubs.o ABSOLUTE
    _printf_widthprec                        0x00000000   Number         0  stubs.o ABSOLUTE
    _printf_x                                0x00000000   Number         0  stubs.o ABSOLUTE
    __cpp_initialize__aeabi_                  - Undefined Weak Reference
    __cxa_finalize                            - Undefined Weak Reference
    __decompress                              - Undefined Weak Reference
    _clock_init                               - Undefined Weak Reference
    _microlib_exit                            - Undefined Weak Reference
    __Vectors_Size                           0x000000ec   Number         0  startup_stm32f103xb.o ABSOLUTE
    __Vectors                                0x08000000   Data           4  startup_stm32f103xb.o(RESET)
    __Vectors_End                            0x080000ec   Data           0  startup_stm32f103xb.o(RESET)
    __main                                   0x080000ed   Thumb Code     0  entry.o(.ARM.Collect$$$$00000000)
    _main_stk                                0x080000ed   Thumb Code     0  entry2.o(.ARM.Collect$$$$00000001)
    _main_scatterload                        0x080000f1   Thumb Code     0  entry5.o(.ARM.Collect$$$$00000004)
    __main_after_scatterload                 0x080000f5   Thumb Code     0  entry5.o(.ARM.Collect$$$$00000004)
    _main_clock                              0x080000f5   Thumb Code     0  entry7b.o(.ARM.Collect$$$$00000008)
    _main_cpp_init                           0x080000f5   Thumb Code     0  entry8b.o(.ARM.Collect$$$$0000000A)
    _main_init                               0x080000f5   Thumb Code     0  entry9a.o(.ARM.Collect$$$$0000000B)
    __rt_final_cpp                           0x080000fd   Thumb Code     0  entry10a.o(.ARM.Collect$$$$0000000D)
    __rt_final_exit                          0x080000fd   Thumb Code     0  entry11a.o(.ARM.Collect$$$$0000000F)
    Reset_Handler                            0x08000101   Thumb Code     8  startup_stm32f103xb.o(.text)
    ADC1_2_IRQHandler                        0x0800011b   Thumb Code     0  startup_stm32f103xb.o(.text)
    CAN1_RX1_IRQHandler                      0x0800011b   Thumb Code     0  startup_stm32f103xb.o(.text)
    CAN1_SCE_IRQHandler                      0x0800011b   Thumb Code     0  startup_stm32f103xb.o(.text)
    DMA1_Channel1_IRQHandler                 0x0800011b   Thumb Code     0  startup_stm32f103xb.o(.text)
    DMA1_Channel2_IRQHandler                 0x0800011b   Thumb Code     0  startup_stm32f103xb.o(.text)
    DMA1_Channel3_IRQHandler                 0x0800011b   Thumb Code     0  startup_stm32f103xb.o(.text)
    DMA1_Channel4_IRQHandler                 0x0800011b   Thumb Code     0  startup_stm32f103xb.o(.text)
    DMA1_Channel5_IRQHandler                 0x0800011b   Thumb Code     0  startup_stm32f103xb.o(.text)
    DMA1_Channel6_IRQHandler                 0x0800011b   Thumb Code     0  startup_stm32f103xb.o(.text)
    DMA1_Channel7_IRQHandler                 0x0800011b   Thumb Code     0  startup_stm32f103xb.o(.text)
    EXTI0_IRQHandler                         0x0800011b   Thumb Code     0  startup_stm32f103xb.o(.text)
    EXTI15_10_IRQHandler                     0x0800011b   Thumb Code     0  startup_stm32f103xb.o(.text)
    EXTI1_IRQHandler                         0x0800011b   Thumb Code     0  startup_stm32f103xb.o(.text)
    EXTI2_IRQHandler                         0x0800011b   Thumb Code     0  startup_stm32f103xb.o(.text)
    EXTI3_IRQHandler                         0x0800011b   Thumb Code     0  startup_stm32f103xb.o(.text)
    EXTI4_IRQHandler                         0x0800011b   Thumb Code     0  startup_stm32f103xb.o(.text)
    EXTI9_5_IRQHandler                       0x0800011b   Thumb Code     0  startup_stm32f103xb.o(.text)
    FLASH_IRQHandler                         0x0800011b   Thumb Code     0  startup_stm32f103xb.o(.text)
    I2C1_ER_IRQHandler                       0x0800011b   Thumb Code     0  startup_stm32f103xb.o(.text)
    I2C1_EV_IRQHandler                       0x0800011b   Thumb Code     0  startup_stm32f103xb.o(.text)
    I2C2_ER_IRQHandler                       0x0800011b   Thumb Code     0  startup_stm32f103xb.o(.text)
    I2C2_EV_IRQHandler                       0x0800011b   Thumb Code     0  startup_stm32f103xb.o(.text)
    PVD_IRQHandler                           0x0800011b   Thumb Code     0  startup_stm32f103xb.o(.text)
    RCC_IRQHandler                           0x0800011b   Thumb Code     0  startup_stm32f103xb.o(.text)
    RTC_Alarm_IRQHandler                     0x0800011b   Thumb Code     0  startup_stm32f103xb.o(.text)
    RTC_IRQHandler                           0x0800011b   Thumb Code     0  startup_stm32f103xb.o(.text)
    SPI1_IRQHandler                          0x0800011b   Thumb Code     0  startup_stm32f103xb.o(.text)
    SPI2_IRQHandler                          0x0800011b   Thumb Code     0  startup_stm32f103xb.o(.text)
    TAMPER_IRQHandler                        0x0800011b   Thumb Code     0  startup_stm32f103xb.o(.text)
    TIM1_BRK_IRQHandler                      0x0800011b   Thumb Code     0  startup_stm32f103xb.o(.text)
    TIM1_CC_IRQHandler                       0x0800011b   Thumb Code     0  startup_stm32f103xb.o(.text)
    TIM1_TRG_COM_IRQHandler                  0x0800011b   Thumb Code     0  startup_stm32f103xb.o(.text)
    TIM2_IRQHandler                          0x0800011b   Thumb Code     0  startup_stm32f103xb.o(.text)
    TIM3_IRQHandler                          0x0800011b   Thumb Code     0  startup_stm32f103xb.o(.text)
    TIM4_IRQHandler                          0x0800011b   Thumb Code     0  startup_stm32f103xb.o(.text)
    USART1_IRQHandler                        0x0800011b   Thumb Code     0  startup_stm32f103xb.o(.text)
    USART2_IRQHandler                        0x0800011b   Thumb Code     0  startup_stm32f103xb.o(.text)
    USART3_IRQHandler                        0x0800011b   Thumb Code     0  startup_stm32f103xb.o(.text)
    USBWakeUp_IRQHandler                     0x0800011b   Thumb Code     0  startup_stm32f103xb.o(.text)
    USB_HP_CAN1_TX_IRQHandler                0x0800011b   Thumb Code     0  startup_stm32f103xb.o(.text)
    USB_LP_CAN1_RX0_IRQHandler               0x0800011b   Thumb Code     0  startup_stm32f103xb.o(.text)
    WWDG_IRQHandler                          0x0800011b   Thumb Code     0  startup_stm32f103xb.o(.text)
    __aeabi_llsr                             0x08000125   Thumb Code    32  llushr.o(.text)
    _ll_ushift_r                             0x08000125   Thumb Code     0  llushr.o(.text)
    mktime                                   0x08000145   Thumb Code   150  mktime.o(.text)
    __aeabi_memcpy                           0x080001ed   Thumb Code    36  memcpya.o(.text)
    __aeabi_memcpy4                          0x080001ed   Thumb Code     0  memcpya.o(.text)
    __aeabi_memcpy8                          0x080001ed   Thumb Code     0  memcpya.o(.text)
    __aeabi_fadd                             0x08000211   Thumb Code   164  fadd.o(.text)
    __aeabi_fsub                             0x080002b5   Thumb Code     6  fadd.o(.text)
    __aeabi_frsub                            0x080002bb   Thumb Code     6  fadd.o(.text)
    __aeabi_i2f                              0x080002c1   Thumb Code    18  fflti.o(.text)
    __aeabi_f2d                              0x080002d3   Thumb Code    38  f2d.o(.text)
    __aeabi_uidiv                            0x080002f9   Thumb Code     0  uidiv.o(.text)
    __aeabi_uidivmod                         0x080002f9   Thumb Code    44  uidiv.o(.text)
    __aeabi_uldivmod                         0x08000325   Thumb Code    98  uldiv.o(.text)
    _localtime                               0x08000389   Thumb Code   134  localtime_i.o(.text)
    __I$use$fp                               0x08000415   Thumb Code     0  iusefp.o(.text)
    _float_round                             0x08000415   Thumb Code    18  fepilogue.o(.text)
    _float_epilogue                          0x08000427   Thumb Code    92  fepilogue.o(.text)
    __aeabi_fmul                             0x08000483   Thumb Code   100  fmul.o(.text)
    __aeabi_fdiv                             0x080004e7   Thumb Code   124  fdiv.o(.text)
    __ARM_scalbnf                            0x08000563   Thumb Code    24  fscalb.o(.text)
    scalbnf                                  0x08000563   Thumb Code     0  fscalb.o(.text)
    __aeabi_dadd                             0x0800057b   Thumb Code   322  dadd.o(.text)
    __aeabi_dsub                             0x080006bd   Thumb Code     6  dadd.o(.text)
    __aeabi_drsub                            0x080006c3   Thumb Code     6  dadd.o(.text)
    __aeabi_dmul                             0x080006c9   Thumb Code   228  dmul.o(.text)
    __aeabi_ddiv                             0x080007ad   Thumb Code   222  ddiv.o(.text)
    __aeabi_d2ulz                            0x0800088b   Thumb Code    48  dfixul.o(.text)
    _ffix_r                                  0x080008bb   Thumb Code    76  ffixir.o(.text)
    __aeabi_cdrcmple                         0x08000909   Thumb Code    48  cdrcmple.o(.text)
    __fp_status                              0x08000939   Thumb Code     4  fpstat.o(.text)
    __ieee_status                            0x08000939   Thumb Code     0  fpstat.o(.text)
    __scatterload                            0x0800093d   Thumb Code    28  init.o(.text)
    __scatterload_rt2                        0x0800093d   Thumb Code     0  init.o(.text)
    __aeabi_llsl                             0x08000961   Thumb Code    30  llshl.o(.text)
    _ll_shift_l                              0x08000961   Thumb Code     0  llshl.o(.text)
    __aeabi_lasr                             0x0800097f   Thumb Code    36  llsshr.o(.text)
    _ll_sshift_r                             0x0800097f   Thumb Code     0  llsshr.o(.text)
    _double_round                            0x080009a3   Thumb Code    30  depilogue.o(.text)
    _double_epilogue                         0x080009c1   Thumb Code   156  depilogue.o(.text)
    BusFault_Handler                         0x08000a5d   Thumb Code     2  stm32f1xx_it.o(i.BusFault_Handler)
    DebugMon_Handler                         0x08000a5f   Thumb Code     2  stm32f1xx_it.o(i.DebugMon_Handler)
    HAL_Delay                                0x08000a89   Thumb Code    32  stm32f1xx_hal.o(i.HAL_Delay)
    HAL_GPIO_Init                            0x08000aad   Thumb Code   408  stm32f1xx_hal_gpio.o(i.HAL_GPIO_Init)
    HAL_GPIO_ReadPin                         0x08000c69   Thumb Code    10  stm32f1xx_hal_gpio.o(i.HAL_GPIO_ReadPin)
    HAL_GPIO_TogglePin                       0x08000c73   Thumb Code     8  stm32f1xx_hal_gpio.o(i.HAL_GPIO_TogglePin)
    HAL_GPIO_WritePin                        0x08000c7b   Thumb Code    10  stm32f1xx_hal_gpio.o(i.HAL_GPIO_WritePin)
    HAL_GetTick                              0x08000c85   Thumb Code     6  stm32f1xx_hal.o(i.HAL_GetTick)
    HAL_IncTick                              0x08000c91   Thumb Code    12  stm32f1xx_hal.o(i.HAL_IncTick)
    HAL_Init                                 0x08000ca1   Thumb Code    32  stm32f1xx_hal.o(i.HAL_Init)
    HAL_InitTick                             0x08000cc5   Thumb Code    54  stm32f1xx_hal.o(i.HAL_InitTick)
    HAL_MspInit                              0x08000d05   Thumb Code   122  stm32f1xx_hal_msp.o(i.HAL_MspInit)
    HAL_NVIC_EnableIRQ                       0x08000d85   Thumb Code    22  stm32f1xx_hal_cortex.o(i.HAL_NVIC_EnableIRQ)
    HAL_NVIC_SetPriority                     0x08000d9d   Thumb Code    60  stm32f1xx_hal_cortex.o(i.HAL_NVIC_SetPriority)
    HAL_NVIC_SetPriorityGrouping             0x08000ddd   Thumb Code    26  stm32f1xx_hal_cortex.o(i.HAL_NVIC_SetPriorityGrouping)
    HAL_PWR_EnableBkUpAccess                 0x08000e01   Thumb Code     8  stm32f1xx_hal_pwr.o(i.HAL_PWR_EnableBkUpAccess)
    HAL_RCCEx_GetPeriphCLKFreq               0x08000e0d   Thumb Code   166  stm32f1xx_hal_rcc_ex.o(i.HAL_RCCEx_GetPeriphCLKFreq)
    HAL_RCCEx_PeriphCLKConfig                0x08000ed5   Thumb Code   224  stm32f1xx_hal_rcc_ex.o(i.HAL_RCCEx_PeriphCLKConfig)
    HAL_RCC_ClockConfig                      0x08000fc1   Thumb Code   322  stm32f1xx_hal_rcc.o(i.HAL_RCC_ClockConfig)
    HAL_RCC_GetHCLKFreq                      0x08001115   Thumb Code     6  stm32f1xx_hal_rcc.o(i.HAL_RCC_GetHCLKFreq)
    HAL_RCC_GetPCLK1Freq                     0x08001121   Thumb Code    20  stm32f1xx_hal_rcc.o(i.HAL_RCC_GetPCLK1Freq)
    HAL_RCC_GetPCLK2Freq                     0x08001141   Thumb Code    20  stm32f1xx_hal_rcc.o(i.HAL_RCC_GetPCLK2Freq)
    HAL_RCC_GetSysClockFreq                  0x08001161   Thumb Code    74  stm32f1xx_hal_rcc.o(i.HAL_RCC_GetSysClockFreq)
    HAL_RCC_OscConfig                        0x080011cd   Thumb Code   750  stm32f1xx_hal_rcc.o(i.HAL_RCC_OscConfig)
    HAL_RTCEx_BKUPRead                       0x080014d1   Thumb Code    10  stm32f1xx_hal_rtc_ex.o(i.HAL_RTCEx_BKUPRead)
    HAL_RTCEx_BKUPWrite                      0x080014e1   Thumb Code    12  stm32f1xx_hal_rtc_ex.o(i.HAL_RTCEx_BKUPWrite)
    HAL_RTCEx_SetSecond_IT                   0x080014f1   Thumb Code    44  stm32f1xx_hal_rtc_ex.o(i.HAL_RTCEx_SetSecond_IT)
    HAL_RTC_Init                             0x0800151d   Thumb Code   154  stm32f1xx_hal_rtc.o(i.HAL_RTC_Init)
    HAL_RTC_MspInit                          0x080015bd   Thumb Code    40  stm32f1xx_hal_msp.o(i.HAL_RTC_MspInit)
    HAL_RTC_WaitForSynchro                   0x080015f1   Thumb Code    58  stm32f1xx_hal_rtc.o(i.HAL_RTC_WaitForSynchro)
    HAL_SYSTICK_CLKSourceConfig              0x0800162b   Thumb Code    24  stm32f1xx_hal_cortex.o(i.HAL_SYSTICK_CLKSourceConfig)
    HAL_SYSTICK_Callback                     0x08001643   Thumb Code     2  stm32f1xx_hal_cortex.o(i.HAL_SYSTICK_Callback)
    HAL_SYSTICK_Config                       0x08001645   Thumb Code    40  stm32f1xx_hal_cortex.o(i.HAL_SYSTICK_Config)
    HAL_SYSTICK_IRQHandler                   0x0800166d   Thumb Code     8  stm32f1xx_hal_cortex.o(i.HAL_SYSTICK_IRQHandler)
    HAL_TIMEx_BreakCallback                  0x08001675   Thumb Code     2  stm32f1xx_hal_tim_ex.o(i.HAL_TIMEx_BreakCallback)
    HAL_TIMEx_CommutationCallback            0x08001677   Thumb Code     2  stm32f1xx_hal_tim_ex.o(i.HAL_TIMEx_CommutationCallback)
    HAL_TIMEx_MasterConfigSynchronization    0x08001679   Thumb Code    80  stm32f1xx_hal_tim_ex.o(i.HAL_TIMEx_MasterConfigSynchronization)
    HAL_TIM_Base_Init                        0x080016c9   Thumb Code    54  stm32f1xx_hal_tim.o(i.HAL_TIM_Base_Init)
    HAL_TIM_Base_MspInit                     0x08001701   Thumb Code    98  stm32f1xx_hal_msp.o(i.HAL_TIM_Base_MspInit)
    HAL_TIM_Base_Start_IT                    0x0800176d   Thumb Code    24  stm32f1xx_hal_tim.o(i.HAL_TIM_Base_Start_IT)
    HAL_TIM_ConfigClockSource                0x08001785   Thumb Code   242  stm32f1xx_hal_tim.o(i.HAL_TIM_ConfigClockSource)
    HAL_TIM_IC_CaptureCallback               0x08001877   Thumb Code     2  stm32f1xx_hal_tim.o(i.HAL_TIM_IC_CaptureCallback)
    HAL_TIM_IRQHandler                       0x08001879   Thumb Code   358  stm32f1xx_hal_tim.o(i.HAL_TIM_IRQHandler)
    HAL_TIM_OC_DelayElapsedCallback          0x080019df   Thumb Code     2  stm32f1xx_hal_tim.o(i.HAL_TIM_OC_DelayElapsedCallback)
    HAL_TIM_PWM_PulseFinishedCallback        0x080019e1   Thumb Code     2  stm32f1xx_hal_tim.o(i.HAL_TIM_PWM_PulseFinishedCallback)
    HAL_TIM_PeriodElapsedCallback            0x080019e3   Thumb Code     2  stm32f1xx_hal_tim.o(i.HAL_TIM_PeriodElapsedCallback)
    HAL_TIM_TriggerCallback                  0x080019e5   Thumb Code     2  stm32f1xx_hal_tim.o(i.HAL_TIM_TriggerCallback)
    HAL_UART_Init                            0x080019e7   Thumb Code    98  stm32f1xx_hal_uart.o(i.HAL_UART_Init)
    HAL_UART_MspInit                         0x08001a49   Thumb Code    76  stm32f1xx_hal_msp.o(i.HAL_UART_MspInit)
    HAL_UART_Transmit                        0x08001aa1   Thumb Code   186  stm32f1xx_hal_uart.o(i.HAL_UART_Transmit)
    HardFault_Handler                        0x08001b5b   Thumb Code     2  stm32f1xx_it.o(i.HardFault_Handler)
    LCD_Enable                               0x08001b5d   Thumb Code    40  main.o(i.LCD_Enable)
    LCD_Gotoxy                               0x08001b89   Thumb Code    14  main.o(i.LCD_Gotoxy)
    LCD_Init                                 0x08001b99   Thumb Code    74  main.o(i.LCD_Init)
    LCD_PutChar                              0x08001be9   Thumb Code    36  main.o(i.LCD_PutChar)
    LCD_Puts                                 0x08001c11   Thumb Code    22  main.o(i.LCD_Puts)
    LCD_Send4Bit                             0x08001c29   Thumb Code    58  main.o(i.LCD_Send4Bit)
    LCD_SendCommand                          0x08001c69   Thumb Code    28  main.o(i.LCD_SendCommand)
    MemManage_Handler                        0x08001d69   Thumb Code     2  stm32f1xx_it.o(i.MemManage_Handler)
    NMI_Handler                              0x08001d6b   Thumb Code     2  stm32f1xx_it.o(i.NMI_Handler)
    PendSV_Handler                           0x08001d8d   Thumb Code     2  stm32f1xx_it.o(i.PendSV_Handler)
    RTC_ReadTimeCounter                      0x08001fb3   Thumb Code    32  stm32f1xx_hal_rtc.o(i.RTC_ReadTimeCounter)
    RTC_WriteTimeCounter                     0x08001fd3   Thumb Code    40  stm32f1xx_hal_rtc.o(i.RTC_WriteTimeCounter)
    SVC_Handler                              0x08001ffb   Thumb Code     2  stm32f1xx_it.o(i.SVC_Handler)
    SysTick_Handler                          0x08001ffd   Thumb Code    14  stm32f1xx_it.o(i.SysTick_Handler)
    SystemClock_Config                       0x0800200b   Thumb Code   128  main.o(i.SystemClock_Config)
    SystemInit                               0x0800208d   Thumb Code    56  system_stm32f1xx.o(i.SystemInit)
    TIM1_UP_IRQHandler                       0x080020d5   Thumb Code    22  main.o(i.TIM1_UP_IRQHandler)
    TIM_Base_SetConfig                       0x080020f5   Thumb Code    94  stm32f1xx_hal_tim.o(i.TIM_Base_SetConfig)
    UsageFault_Handler                       0x080023a1   Thumb Code     2  stm32f1xx_it.o(i.UsageFault_Handler)
    __0printf                                0x080023a5   Thumb Code    22  printfa.o(i.__0printf)
    __1printf                                0x080023a5   Thumb Code     0  printfa.o(i.__0printf)
    __2printf                                0x080023a5   Thumb Code     0  printfa.o(i.__0printf)
    __c89printf                              0x080023a5   Thumb Code     0  printfa.o(i.__0printf)
    printf                                   0x080023a5   Thumb Code     0  printfa.o(i.__0printf)
    __0sprintf                               0x080023c5   Thumb Code    34  printfa.o(i.__0sprintf)
    __1sprintf                               0x080023c5   Thumb Code     0  printfa.o(i.__0sprintf)
    __2sprintf                               0x080023c5   Thumb Code     0  printfa.o(i.__0sprintf)
    __c89sprintf                             0x080023c5   Thumb Code     0  printfa.o(i.__0sprintf)
    sprintf                                  0x080023c5   Thumb Code     0  printfa.o(i.__0sprintf)
    __ARM_fpclassifyf                        0x080023ed   Thumb Code    38  fpclassifyf.o(i.__ARM_fpclassifyf)
    __mathlib_flt_divzero                    0x08002413   Thumb Code    10  funder.o(i.__mathlib_flt_divzero)
    __mathlib_flt_infnan2                    0x0800241d   Thumb Code     4  funder.o(i.__mathlib_flt_infnan2)
    __mathlib_flt_invalid                    0x08002421   Thumb Code     8  funder.o(i.__mathlib_flt_invalid)
    __mathlib_flt_overflow                   0x08002429   Thumb Code    10  funder.o(i.__mathlib_flt_overflow)
    __mathlib_flt_underflow                  0x08002433   Thumb Code    10  funder.o(i.__mathlib_flt_underflow)
    __scatterload_copy                       0x0800243d   Thumb Code    14  handlers.o(i.__scatterload_copy)
    __scatterload_null                       0x0800244b   Thumb Code     2  handlers.o(i.__scatterload_null)
    __scatterload_zeroinit                   0x0800244d   Thumb Code    14  handlers.o(i.__scatterload_zeroinit)
    __set_errno                              0x0800245d   Thumb Code     6  errno.o(i.__set_errno)
    convert_time_stamp                       0x08002d25   Thumb Code   166  main.o(i.convert_time_stamp)
    ds18b20_init_seq                         0x08002dd5   Thumb Code    72  ds18b20_mflib.o(i.ds18b20_init_seq)
    ds18b20_read_bit                         0x08002e21   Thumb Code    68  ds18b20_mflib.o(i.ds18b20_read_bit)
    ds18b20_read_byte                        0x08002e69   Thumb Code    30  ds18b20_mflib.o(i.ds18b20_read_byte)
    ds18b20_read_temp                        0x08002e87   Thumb Code    76  ds18b20_mflib.o(i.ds18b20_read_temp)
    ds18b20_send_function_cmd                0x08002ed5   Thumb Code    28  ds18b20_mflib.o(i.ds18b20_send_function_cmd)
    ds18b20_send_rom_cmd                     0x08002ef5   Thumb Code     4  ds18b20_mflib.o(i.ds18b20_send_rom_cmd)
    ds18b20_write_byte                       0x08002ef9   Thumb Code   100  ds18b20_mflib.o(i.ds18b20_write_byte)
    fputc                                    0x08002f61   Thumb Code    18  main.o(i.fputc)
    main                                     0x08002f79   Thumb Code   280  main.o(i.main)
    __mathlib_powf                           0x080030c1   Thumb Code     0  powf.o(i.powf)
    powf                                     0x080030c1   Thumb Code  1548  powf.o(i.powf)
    set_time                                 0x080036e1   Thumb Code    34  main.o(i.set_time)
    daysInMonth                              0x08003702   Data          12  main.o(.constdata)
    AHBPrescTable                            0x0800370e   Data          16  system_stm32f1xx.o(.constdata)
    APBPrescTable                            0x0800371e   Data           8  system_stm32f1xx.o(.constdata)
    Region$$Table$$Base                      0x08003880   Number         0  anon$$obj.o(Region$$Table)
    Region$$Table$$Limit                     0x080038a0   Number         0  anon$$obj.o(Region$$Table)
    return_time                              0x20000000   Data           4  main.o(.data)
    uwTickFreq                               0x20000004   Data           1  stm32f1xx_hal.o(.data)
    uwTickPrio                               0x20000008   Data           4  stm32f1xx_hal.o(.data)
    uwTick                                   0x2000000c   Data           4  stm32f1xx_hal.o(.data)
    SystemCoreClock                          0x20000010   Data           4  system_stm32f1xx.o(.data)
    __stdout                                 0x20000014   Data           4  stdout.o(.data)
    hrtc                                     0x2000006c   Data          20  main.o(.bss)
    htim1                                    0x20000080   Data          64  main.o(.bss)
    huart1                                   0x200000c0   Data          64  main.o(.bss)
    sprintfTemp                              0x20000100   Data          20  main.o(.bss)
    __initial_sp                             0x20000518   Data           0  startup_stm32f103xb.o(STACK)



==============================================================================

Memory Map of the image

  Image Entry point : 0x080000ed

  Load Region LR_IROM1 (Base: 0x08000000, Size: 0x000038bc, Max: 0x00020000, ABSOLUTE)

    Execution Region ER_IROM1 (Exec base: 0x08000000, Load base: 0x08000000, Size: 0x000038a0, Max: 0x00020000, ABSOLUTE)

    Exec Addr    Load Addr    Size         Type   Attr      Idx    E Section Name        Object

    0x08000000   0x08000000   0x000000ec   Data   RO            3    RESET               startup_stm32f103xb.o
    0x080000ec   0x080000ec   0x00000000   Code   RO         2904  * .ARM.Collect$$$$00000000  mc_w.l(entry.o)
    0x080000ec   0x080000ec   0x00000004   Code   RO         3209    .ARM.Collect$$$$00000001  mc_w.l(entry2.o)
    0x080000f0   0x080000f0   0x00000004   Code   RO         3212    .ARM.Collect$$$$00000004  mc_w.l(entry5.o)
    0x080000f4   0x080000f4   0x00000000   Code   RO         3214    .ARM.Collect$$$$00000008  mc_w.l(entry7b.o)
    0x080000f4   0x080000f4   0x00000000   Code   RO         3216    .ARM.Collect$$$$0000000A  mc_w.l(entry8b.o)
    0x080000f4   0x080000f4   0x00000008   Code   RO         3217    .ARM.Collect$$$$0000000B  mc_w.l(entry9a.o)
    0x080000fc   0x080000fc   0x00000000   Code   RO         3219    .ARM.Collect$$$$0000000D  mc_w.l(entry10a.o)
    0x080000fc   0x080000fc   0x00000000   Code   RO         3221    .ARM.Collect$$$$0000000F  mc_w.l(entry11a.o)
    0x080000fc   0x080000fc   0x00000004   Code   RO         3210    .ARM.Collect$$$$00002712  mc_w.l(entry2.o)
    0x08000100   0x08000100   0x00000024   Code   RO            4    .text               startup_stm32f103xb.o
    0x08000124   0x08000124   0x00000020   Code   RO         2907    .text               mc_w.l(llushr.o)
    0x08000144   0x08000144   0x000000a8   Code   RO         2913    .text               mc_w.l(mktime.o)
    0x080001ec   0x080001ec   0x00000024   Code   RO         2922    .text               mc_w.l(memcpya.o)
    0x08000210   0x08000210   0x000000b0   Code   RO         3187    .text               mf_w.l(fadd.o)
    0x080002c0   0x080002c0   0x00000012   Code   RO         3189    .text               mf_w.l(fflti.o)
    0x080002d2   0x080002d2   0x00000026   Code   RO         3191    .text               mf_w.l(f2d.o)
    0x080002f8   0x080002f8   0x0000002c   Code   RO         3224    .text               mc_w.l(uidiv.o)
    0x08000324   0x08000324   0x00000062   Code   RO         3226    .text               mc_w.l(uldiv.o)
    0x08000386   0x08000386   0x00000002   PAD
    0x08000388   0x08000388   0x0000008c   Code   RO         3231    .text               mc_w.l(localtime_i.o)
    0x08000414   0x08000414   0x00000000   Code   RO         3241    .text               mc_w.l(iusefp.o)
    0x08000414   0x08000414   0x0000006e   Code   RO         3242    .text               mf_w.l(fepilogue.o)
    0x08000482   0x08000482   0x00000064   Code   RO         3244    .text               mf_w.l(fmul.o)
    0x080004e6   0x080004e6   0x0000007c   Code   RO         3246    .text               mf_w.l(fdiv.o)
    0x08000562   0x08000562   0x00000018   Code   RO         3248    .text               mf_w.l(fscalb.o)
    0x0800057a   0x0800057a   0x0000014e   Code   RO         3250    .text               mf_w.l(dadd.o)
    0x080006c8   0x080006c8   0x000000e4   Code   RO         3252    .text               mf_w.l(dmul.o)
    0x080007ac   0x080007ac   0x000000de   Code   RO         3254    .text               mf_w.l(ddiv.o)
    0x0800088a   0x0800088a   0x00000030   Code   RO         3256    .text               mf_w.l(dfixul.o)
    0x080008ba   0x080008ba   0x0000004c   Code   RO         3258    .text               mf_w.l(ffixir.o)
    0x08000906   0x08000906   0x00000002   PAD
    0x08000908   0x08000908   0x00000030   Code   RO         3260    .text               mf_w.l(cdrcmple.o)
    0x08000938   0x08000938   0x00000004   Code   RO         3262    .text               mf_w.l(fpstat.o)
    0x0800093c   0x0800093c   0x00000024   Code   RO         3264    .text               mc_w.l(init.o)
    0x08000960   0x08000960   0x0000001e   Code   RO         3266    .text               mc_w.l(llshl.o)
    0x0800097e   0x0800097e   0x00000024   Code   RO         3268    .text               mc_w.l(llsshr.o)
    0x080009a2   0x080009a2   0x000000ba   Code   RO         3270    .text               mf_w.l(depilogue.o)
    0x08000a5c   0x08000a5c   0x00000002   Code   RO          267    i.BusFault_Handler  stm32f1xx_it.o
    0x08000a5e   0x08000a5e   0x00000002   Code   RO          268    i.DebugMon_Handler  stm32f1xx_it.o
    0x08000a60   0x08000a60   0x00000028   Code   RO          400    i.DelayMicro        ds18b20_mflib.o
    0x08000a88   0x08000a88   0x00000024   Code   RO         1978    i.HAL_Delay         stm32f1xx_hal.o
    0x08000aac   0x08000aac   0x000001bc   Code   RO         2271    i.HAL_GPIO_Init     stm32f1xx_hal_gpio.o
    0x08000c68   0x08000c68   0x0000000a   Code   RO         2273    i.HAL_GPIO_ReadPin  stm32f1xx_hal_gpio.o
    0x08000c72   0x08000c72   0x00000008   Code   RO         2274    i.HAL_GPIO_TogglePin  stm32f1xx_hal_gpio.o
    0x08000c7a   0x08000c7a   0x0000000a   Code   RO         2275    i.HAL_GPIO_WritePin  stm32f1xx_hal_gpio.o
    0x08000c84   0x08000c84   0x0000000c   Code   RO         1982    i.HAL_GetTick       stm32f1xx_hal.o
    0x08000c90   0x08000c90   0x00000010   Code   RO         1986    i.HAL_IncTick       stm32f1xx_hal.o
    0x08000ca0   0x08000ca0   0x00000024   Code   RO         1987    i.HAL_Init          stm32f1xx_hal.o
    0x08000cc4   0x08000cc4   0x00000040   Code   RO         1988    i.HAL_InitTick      stm32f1xx_hal.o
    0x08000d04   0x08000d04   0x00000080   Code   RO          340    i.HAL_MspInit       stm32f1xx_hal_msp.o
    0x08000d84   0x08000d84   0x00000016   Code   RO         2431    i.HAL_NVIC_EnableIRQ  stm32f1xx_hal_cortex.o
    0x08000d9a   0x08000d9a   0x00000002   PAD
    0x08000d9c   0x08000d9c   0x00000040   Code   RO         2437    i.HAL_NVIC_SetPriority  stm32f1xx_hal_cortex.o
    0x08000ddc   0x08000ddc   0x00000024   Code   RO         2438    i.HAL_NVIC_SetPriorityGrouping  stm32f1xx_hal_cortex.o
    0x08000e00   0x08000e00   0x0000000c   Code   RO         2553    i.HAL_PWR_EnableBkUpAccess  stm32f1xx_hal_pwr.o
    0x08000e0c   0x08000e0c   0x000000c8   Code   RO         2233    i.HAL_RCCEx_GetPeriphCLKFreq  stm32f1xx_hal_rcc_ex.o
    0x08000ed4   0x08000ed4   0x000000ec   Code   RO         2234    i.HAL_RCCEx_PeriphCLKConfig  stm32f1xx_hal_rcc_ex.o
    0x08000fc0   0x08000fc0   0x00000154   Code   RO         2131    i.HAL_RCC_ClockConfig  stm32f1xx_hal_rcc.o
    0x08001114   0x08001114   0x0000000c   Code   RO         2136    i.HAL_RCC_GetHCLKFreq  stm32f1xx_hal_rcc.o
    0x08001120   0x08001120   0x00000020   Code   RO         2138    i.HAL_RCC_GetPCLK1Freq  stm32f1xx_hal_rcc.o
    0x08001140   0x08001140   0x00000020   Code   RO         2139    i.HAL_RCC_GetPCLK2Freq  stm32f1xx_hal_rcc.o
    0x08001160   0x08001160   0x0000006c   Code   RO         2140    i.HAL_RCC_GetSysClockFreq  stm32f1xx_hal_rcc.o
    0x080011cc   0x080011cc   0x00000304   Code   RO         2143    i.HAL_RCC_OscConfig  stm32f1xx_hal_rcc.o
    0x080014d0   0x080014d0   0x00000010   Code   RO          679    i.HAL_RTCEx_BKUPRead  stm32f1xx_hal_rtc_ex.o
    0x080014e0   0x080014e0   0x00000010   Code   RO          680    i.HAL_RTCEx_BKUPWrite  stm32f1xx_hal_rtc_ex.o
    0x080014f0   0x080014f0   0x0000002c   Code   RO          687    i.HAL_RTCEx_SetSecond_IT  stm32f1xx_hal_rtc_ex.o
    0x0800151c   0x0800151c   0x000000a0   Code   RO          515    i.HAL_RTC_Init      stm32f1xx_hal_rtc.o
    0x080015bc   0x080015bc   0x00000034   Code   RO          342    i.HAL_RTC_MspInit   stm32f1xx_hal_msp.o
    0x080015f0   0x080015f0   0x0000003a   Code   RO          523    i.HAL_RTC_WaitForSynchro  stm32f1xx_hal_rtc.o
    0x0800162a   0x0800162a   0x00000018   Code   RO         2440    i.HAL_SYSTICK_CLKSourceConfig  stm32f1xx_hal_cortex.o
    0x08001642   0x08001642   0x00000002   Code   RO         2441    i.HAL_SYSTICK_Callback  stm32f1xx_hal_cortex.o
    0x08001644   0x08001644   0x00000028   Code   RO         2442    i.HAL_SYSTICK_Config  stm32f1xx_hal_cortex.o
    0x0800166c   0x0800166c   0x00000008   Code   RO         2443    i.HAL_SYSTICK_IRQHandler  stm32f1xx_hal_cortex.o
    0x08001674   0x08001674   0x00000002   Code   RO         1412    i.HAL_TIMEx_BreakCallback  stm32f1xx_hal_tim_ex.o
    0x08001676   0x08001676   0x00000002   Code   RO         1413    i.HAL_TIMEx_CommutationCallback  stm32f1xx_hal_tim_ex.o
    0x08001678   0x08001678   0x00000050   Code   RO         1429    i.HAL_TIMEx_MasterConfigSynchronization  stm32f1xx_hal_tim_ex.o
    0x080016c8   0x080016c8   0x00000036   Code   RO          783    i.HAL_TIM_Base_Init  stm32f1xx_hal_tim.o
    0x080016fe   0x080016fe   0x00000002   PAD
    0x08001700   0x08001700   0x0000006c   Code   RO          344    i.HAL_TIM_Base_MspInit  stm32f1xx_hal_msp.o
    0x0800176c   0x0800176c   0x00000018   Code   RO          788    i.HAL_TIM_Base_Start_IT  stm32f1xx_hal_tim.o
    0x08001784   0x08001784   0x000000f2   Code   RO          792    i.HAL_TIM_ConfigClockSource  stm32f1xx_hal_tim.o
    0x08001876   0x08001876   0x00000002   Code   RO          812    i.HAL_TIM_IC_CaptureCallback  stm32f1xx_hal_tim.o
    0x08001878   0x08001878   0x00000166   Code   RO          825    i.HAL_TIM_IRQHandler  stm32f1xx_hal_tim.o
    0x080019de   0x080019de   0x00000002   Code   RO          828    i.HAL_TIM_OC_DelayElapsedCallback  stm32f1xx_hal_tim.o
    0x080019e0   0x080019e0   0x00000002   Code   RO          855    i.HAL_TIM_PWM_PulseFinishedCallback  stm32f1xx_hal_tim.o
    0x080019e2   0x080019e2   0x00000002   Code   RO          862    i.HAL_TIM_PeriodElapsedCallback  stm32f1xx_hal_tim.o
    0x080019e4   0x080019e4   0x00000002   Code   RO          866    i.HAL_TIM_TriggerCallback  stm32f1xx_hal_tim.o
    0x080019e6   0x080019e6   0x00000062   Code   RO         1670    i.HAL_UART_Init     stm32f1xx_hal_uart.o
    0x08001a48   0x08001a48   0x00000058   Code   RO          346    i.HAL_UART_MspInit  stm32f1xx_hal_msp.o
    0x08001aa0   0x08001aa0   0x000000ba   Code   RO         1678    i.HAL_UART_Transmit  stm32f1xx_hal_uart.o
    0x08001b5a   0x08001b5a   0x00000002   Code   RO          269    i.HardFault_Handler  stm32f1xx_it.o
    0x08001b5c   0x08001b5c   0x0000002c   Code   RO           14    i.LCD_Enable        main.o
    0x08001b88   0x08001b88   0x0000000e   Code   RO           15    i.LCD_Gotoxy        main.o
    0x08001b96   0x08001b96   0x00000002   PAD
    0x08001b98   0x08001b98   0x00000050   Code   RO           16    i.LCD_Init          main.o
    0x08001be8   0x08001be8   0x00000028   Code   RO           17    i.LCD_PutChar       main.o
    0x08001c10   0x08001c10   0x00000016   Code   RO           18    i.LCD_Puts          main.o
    0x08001c26   0x08001c26   0x00000002   PAD
    0x08001c28   0x08001c28   0x00000040   Code   RO           19    i.LCD_Send4Bit      main.o
    0x08001c68   0x08001c68   0x0000001c   Code   RO           20    i.LCD_SendCommand   main.o
    0x08001c84   0x08001c84   0x0000008c   Code   RO           21    i.MX_GPIO_Init      main.o
    0x08001d10   0x08001d10   0x00000058   Code   RO           22    i.MX_TIM1_Init      main.o
    0x08001d68   0x08001d68   0x00000002   Code   RO          270    i.MemManage_Handler  stm32f1xx_it.o
    0x08001d6a   0x08001d6a   0x00000002   Code   RO          271    i.NMI_Handler       stm32f1xx_it.o
    0x08001d6c   0x08001d6c   0x00000020   Code   RO         2444    i.NVIC_SetPriority  stm32f1xx_hal_cortex.o
    0x08001d8c   0x08001d8c   0x00000002   Code   RO          272    i.PendSV_Handler    stm32f1xx_it.o
    0x08001d8e   0x08001d8e   0x00000002   PAD
    0x08001d90   0x08001d90   0x000001b8   Code   RO           23    i.RTC_CalendarShow  main.o
    0x08001f48   0x08001f48   0x00000034   Code   RO          527    i.RTC_EnterInitMode  stm32f1xx_hal_rtc.o
    0x08001f7c   0x08001f7c   0x00000036   Code   RO          528    i.RTC_ExitInitMode  stm32f1xx_hal_rtc.o
    0x08001fb2   0x08001fb2   0x00000020   Code   RO          530    i.RTC_ReadTimeCounter  stm32f1xx_hal_rtc.o
    0x08001fd2   0x08001fd2   0x00000028   Code   RO          533    i.RTC_WriteTimeCounter  stm32f1xx_hal_rtc.o
    0x08001ffa   0x08001ffa   0x00000002   Code   RO          273    i.SVC_Handler       stm32f1xx_it.o
    0x08001ffc   0x08001ffc   0x0000000e   Code   RO          274    i.SysTick_Handler   stm32f1xx_it.o
    0x0800200a   0x0800200a   0x00000080   Code   RO           24    i.SystemClock_Config  main.o
    0x0800208a   0x0800208a   0x00000002   PAD
    0x0800208c   0x0800208c   0x00000048   Code   RO         2860    i.SystemInit        system_stm32f1xx.o
    0x080020d4   0x080020d4   0x00000020   Code   RO           25    i.TIM1_UP_IRQHandler  main.o
    0x080020f4   0x080020f4   0x0000006c   Code   RO          867    i.TIM_Base_SetConfig  stm32f1xx_hal_tim.o
    0x08002160   0x08002160   0x00000014   Code   RO          874    i.TIM_ETR_SetConfig  stm32f1xx_hal_tim.o
    0x08002174   0x08002174   0x00000010   Code   RO          875    i.TIM_ITRx_SetConfig  stm32f1xx_hal_tim.o
    0x08002184   0x08002184   0x00000022   Code   RO          881    i.TIM_TI1_ConfigInputStage  stm32f1xx_hal_tim.o
    0x080021a6   0x080021a6   0x00000024   Code   RO          883    i.TIM_TI2_ConfigInputStage  stm32f1xx_hal_tim.o
    0x080021ca   0x080021ca   0x00000002   PAD
    0x080021cc   0x080021cc   0x00000170   Code   RO         1696    i.UART_SetConfig    stm32f1xx_hal_uart.o
    0x0800233c   0x0800233c   0x00000064   Code   RO         1698    i.UART_WaitOnFlagUntilTimeout  stm32f1xx_hal_uart.o
    0x080023a0   0x080023a0   0x00000002   Code   RO          275    i.UsageFault_Handler  stm32f1xx_it.o
    0x080023a2   0x080023a2   0x00000002   PAD
    0x080023a4   0x080023a4   0x00000020   Code   RO         3159    i.__0printf         mc_w.l(printfa.o)
    0x080023c4   0x080023c4   0x00000028   Code   RO         3161    i.__0sprintf        mc_w.l(printfa.o)
    0x080023ec   0x080023ec   0x00000026   Code   RO         3193    i.__ARM_fpclassifyf  m_ws.l(fpclassifyf.o)
    0x08002412   0x08002412   0x0000000a   Code   RO         3195    i.__mathlib_flt_divzero  m_ws.l(funder.o)
    0x0800241c   0x0800241c   0x00000004   Code   RO         3197    i.__mathlib_flt_infnan2  m_ws.l(funder.o)
    0x08002420   0x08002420   0x00000008   Code   RO         3198    i.__mathlib_flt_invalid  m_ws.l(funder.o)
    0x08002428   0x08002428   0x0000000a   Code   RO         3199    i.__mathlib_flt_overflow  m_ws.l(funder.o)
    0x08002432   0x08002432   0x0000000a   Code   RO         3201    i.__mathlib_flt_underflow  m_ws.l(funder.o)
    0x0800243c   0x0800243c   0x0000000e   Code   RO         3274    i.__scatterload_copy  mc_w.l(handlers.o)
    0x0800244a   0x0800244a   0x00000002   Code   RO         3275    i.__scatterload_null  mc_w.l(handlers.o)
    0x0800244c   0x0800244c   0x0000000e   Code   RO         3276    i.__scatterload_zeroinit  mc_w.l(handlers.o)
    0x0800245a   0x0800245a   0x00000002   PAD
    0x0800245c   0x0800245c   0x0000000c   Code   RO         3236    i.__set_errno       mc_w.l(errno.o)
    0x08002468   0x08002468   0x00000184   Code   RO         3166    i._fp_digits        mc_w.l(printfa.o)
    0x080025ec   0x080025ec   0x000006dc   Code   RO         3167    i._printf_core      mc_w.l(printfa.o)
    0x08002cc8   0x08002cc8   0x00000024   Code   RO         3168    i._printf_post_padding  mc_w.l(printfa.o)
    0x08002cec   0x08002cec   0x0000002e   Code   RO         3169    i._printf_pre_padding  mc_w.l(printfa.o)
    0x08002d1a   0x08002d1a   0x0000000a   Code   RO         3171    i._sputc            mc_w.l(printfa.o)
    0x08002d24   0x08002d24   0x000000b0   Code   RO           27    i.convert_time_stamp  main.o
    0x08002dd4   0x08002dd4   0x0000004c   Code   RO          401    i.ds18b20_init_seq  ds18b20_mflib.o
    0x08002e20   0x08002e20   0x00000048   Code   RO          402    i.ds18b20_read_bit  ds18b20_mflib.o
    0x08002e68   0x08002e68   0x0000001e   Code   RO          403    i.ds18b20_read_byte  ds18b20_mflib.o
    0x08002e86   0x08002e86   0x0000004c   Code   RO          405    i.ds18b20_read_temp  ds18b20_mflib.o
    0x08002ed2   0x08002ed2   0x00000002   PAD
    0x08002ed4   0x08002ed4   0x00000020   Code   RO          406    i.ds18b20_send_function_cmd  ds18b20_mflib.o
    0x08002ef4   0x08002ef4   0x00000004   Code   RO          407    i.ds18b20_send_rom_cmd  ds18b20_mflib.o
    0x08002ef8   0x08002ef8   0x00000068   Code   RO          408    i.ds18b20_write_byte  ds18b20_mflib.o
    0x08002f60   0x08002f60   0x00000018   Code   RO           28    i.fputc             main.o
    0x08002f78   0x08002f78   0x00000148   Code   RO           31    i.main              main.o
    0x080030c0   0x080030c0   0x00000620   Code   RO         2895    i.powf              m_ws.l(powf.o)
    0x080036e0   0x080036e0   0x00000022   Code   RO           32    i.set_time          main.o
    0x08003702   0x08003702   0x0000000c   Data   RO           34    .constdata          main.o
    0x0800370e   0x0800370e   0x00000010   Data   RO         2861    .constdata          system_stm32f1xx.o
    0x0800371e   0x0800371e   0x00000008   Data   RO         2862    .constdata          system_stm32f1xx.o
    0x08003726   0x08003726   0x00000002   PAD
    0x08003728   0x08003728   0x00000140   Data   RO         2896    .constdata          m_ws.l(powf.o)
    0x08003868   0x08003868   0x0000000c   Data   RO         2914    .constdata          mc_w.l(mktime.o)
    0x08003874   0x08003874   0x0000000c   Data   RO         3232    .constdata          mc_w.l(localtime_i.o)
    0x08003880   0x08003880   0x00000020   Data   RO         3272    Region$$Table       anon$$obj.o


    Execution Region RW_IRAM1 (Exec base: 0x20000000, Load base: 0x080038a0, Size: 0x00000518, Max: 0x00005000, ABSOLUTE)

    Exec Addr    Load Addr    Size         Type   Attr      Idx    E Section Name        Object

    0x20000000   0x080038a0   0x00000004   Data   RW           44    .data               main.o
    0x20000004   0x080038a4   0x0000000c   Data   RW         1994    .data               stm32f1xx_hal.o
    0x20000010   0x080038b0   0x00000004   Data   RW         2863    .data               system_stm32f1xx.o
    0x20000014   0x080038b4   0x00000004   Data   RW         3223    .data               mc_w.l(stdout.o)
    0x20000018   0x080038b8   0x00000004   Data   RW         3237    .data               mc_w.l(errno.o)
    0x2000001c        -       0x000000f8   Zero   RW           33    .bss                main.o
    0x20000114   0x080038bc   0x00000004   PAD
    0x20000118        -       0x00000400   Zero   RW            1    STACK               startup_stm32f103xb.o


==============================================================================

Image component sizes


      Code (inc. data)   RO Data    RW Data    ZI Data      Debug   Object Name

       434         26          0          0          0       4802   ds18b20_mflib.o
      1682        366         12          4        248     454759   main.o
        36          8        236          0       1024        800   startup_stm32f103xb.o
       164         28          0         12          0       3821   stm32f1xx_hal.o
       228         14          0          0          0      27369   stm32f1xx_hal_cortex.o
       472         36          0          0          0       4068   stm32f1xx_hal_gpio.o
       376         40          0          0          0       2702   stm32f1xx_hal_msp.o
        12          4          0          0          0        511   stm32f1xx_hal_pwr.o
      1296        104          0          0          0       5620   stm32f1xx_hal_rcc.o
       436         46          0          0          0       2529   stm32f1xx_hal_rcc_ex.o
       396          6          0          0          0       5133   stm32f1xx_hal_rtc.o
        76         10          0          0          0       2272   stm32f1xx_hal_rtc_ex.o
       902         14          0          0          0       9907   stm32f1xx_hal_tim.o
        84          0          0          0          0       2318   stm32f1xx_hal_tim_ex.o
       752          4          0          0          0       3904   stm32f1xx_hal_uart.o
        30          0          0          0          0       3798   stm32f1xx_it.o
        72         16         24          4          0       1151   system_stm32f1xx.o

    ----------------------------------------------------------------------
      7466        722        306         20       1276     535464   Object Totals
         0          0         32          0          0          0   (incl. Generated)
        18          0          2          0          4          0   (incl. Padding)

    ----------------------------------------------------------------------

      Code (inc. data)   RO Data    RW Data    ZI Data      Debug   Library Member Name

        38          0          0          0          0         68   fpclassifyf.o
        42          0          0          0          0        340   funder.o
      1568         80        320          0          0        224   powf.o
         0          0          0          0          0          0   entry.o
         0          0          0          0          0          0   entry10a.o
         0          0          0          0          0          0   entry11a.o
         8          4          0          0          0          0   entry2.o
         4          0          0          0          0          0   entry5.o
         0          0          0          0          0          0   entry7b.o
         0          0          0          0          0          0   entry8b.o
         8          4          0          0          0          0   entry9a.o
        12          6          0          4          0         68   errno.o
        30          0          0          0          0          0   handlers.o
        36          8          0          0          0         68   init.o
         0          0          0          0          0          0   iusefp.o
        30          0          0          0          0         68   llshl.o
        36          0          0          0          0         68   llsshr.o
        32          0          0          0          0         68   llushr.o
       140          6         12          0          0         76   localtime_i.o
        36          0          0          0          0         68   memcpya.o
       168         18         12          0          0         80   mktime.o
      2308         96          0          0          0        604   printfa.o
         0          0          0          4          0          0   stdout.o
        44          0          0          0          0         80   uidiv.o
        98          0          0          0          0         92   uldiv.o
        48          0          0          0          0         68   cdrcmple.o
       334          0          0          0          0        148   dadd.o
       222          0          0          0          0        100   ddiv.o
       186          0          0          0          0        176   depilogue.o
        48          0          0          0          0         68   dfixul.o
       228          0          0          0          0         96   dmul.o
        38          0          0          0          0         68   f2d.o
       176          0          0          0          0        140   fadd.o
       124          0          0          0          0         88   fdiv.o
       110          0          0          0          0        168   fepilogue.o
        76          0          0          0          0         76   ffixir.o
        18          0          0          0          0         68   fflti.o
       100          0          0          0          0         76   fmul.o
         4          0          0          0          0         68   fpstat.o
        24          0          0          0          0         68   fscalb.o

    ----------------------------------------------------------------------
      6380        222        344          8          0       3448   Library Totals
         6          0          0          0          0          0   (incl. Padding)

    ----------------------------------------------------------------------

      Code (inc. data)   RO Data    RW Data    ZI Data      Debug   Library Name

      1648         80        320          0          0        632   m_ws.l
      2990        142         24          8          0       1340   mc_w.l
      1736          0          0          0          0       1476   mf_w.l

    ----------------------------------------------------------------------
      6380        222        344          8          0       3448   Library Totals

    ----------------------------------------------------------------------

==============================================================================


      Code (inc. data)   RO Data    RW Data    ZI Data      Debug   

     13846        944        650         28       1276     532408   Grand Totals
     13846        944        650         28       1276     532408   ELF Image Totals
     13846        944        650         28          0          0   ROM Totals

==============================================================================

    Total RO  Size (Code + RO Data)                14496 (  14.16kB)
    Total RW  Size (RW Data + ZI Data)              1304 (   1.27kB)
    Total ROM Size (Code + RO Data + RW Data)      14524 (  14.18kB)

==============================================================================

